{
  "version": "1.5.0",
  "plugins_used": [
    {
      "name": "ArtifactoryDetector"
    },
    {
      "name": "AWSKeyDetector"
    },
    {
      "name": "AzureStorageKeyDetector"
    },
    {
      "name": "Base64HighEntropyString",
      "limit": 4.5
    },
    {
      "name": "BasicAuthDetector"
    },
    {
      "name": "CloudantDetector"
    },
    {
      "name": "DiscordBotTokenDetector"
    },
    {
      "name": "GitHubTokenDetector"
    },
    {
      "name": "HexHighEntropyString",
      "limit": 3.0
    },
    {
      "name": "IbmCloudIamDetector"
    },
    {
      "name": "IbmCosHmacDetector"
    },
    {
      "name": "JwtTokenDetector"
    },
    {
      "name": "KeywordDetector",
      "keyword_exclude": ""
    },
    {
      "name": "MailchimpDetector"
    },
    {
      "name": "NpmDetector"
    },
    {
      "name": "PrivateKeyDetector"
    },
    {
      "name": "SendGridDetector"
    },
    {
      "name": "SlackDetector"
    },
    {
      "name": "SoftlayerDetector"
    },
    {
      "name": "SquareOAuthDetector"
    },
    {
      "name": "StripeDetector"
    },
    {
      "name": "TwilioKeyDetector"
    }
  ],
  "filters_used": [
    {
      "path": "detect_secrets.filters.allowlist_filter.is_line_allowlist"
    },
    {
      "path": "detect_secrets.filters.common.is_baseline_file",
      "filename": ".secrets.baseline"
    },
    {
      "path": "detect_secrets.filters.common.is_ignored_due_to_verification_policies",
      "min_level": 2
    },
    {
      "path": "detect_secrets.filters.heuristic.is_indirect_reference"
    },
    {
      "path": "detect_secrets.filters.heuristic.is_likely_id_string"
    },
    {
      "path": "detect_secrets.filters.heuristic.is_lock_file"
    },
    {
      "path": "detect_secrets.filters.heuristic.is_not_alphanumeric_string"
    },
    {
      "path": "detect_secrets.filters.heuristic.is_potential_uuid"
    },
    {
      "path": "detect_secrets.filters.heuristic.is_prefixed_with_dollar_sign"
    },
    {
      "path": "detect_secrets.filters.heuristic.is_sequential_string"
    },
    {
      "path": "detect_secrets.filters.heuristic.is_swagger_file"
    },
    {
      "path": "detect_secrets.filters.heuristic.is_templated_secret"
    }
  ],
  "results": {
    "docs/05-dev/reachy-mini-sdk-reference.md": [
      {
        "type": "Secret Keyword",
        "filename": "docs/05-dev/reachy-mini-sdk-reference.md",
        "hashed_secret": "8cb03f7cc59a5bd130bc50d5c90cf9ef85c78947",
        "is_verified": false,
        "line_number": 187
      }
    ],
    "infra/envs/localstack/providers.tf": [
      {
        "type": "Secret Keyword",
        "filename": "infra/envs/localstack/providers.tf",
        "hashed_secret": "a94a8fe5ccb19ba61c4c0873d391e987982fbbd3",
        "is_verified": false,
        "line_number": 13
      }
    ],
    "packages/core-config/src/secrets.ts": [
      {
        "type": "Secret Keyword",
        "filename": "packages/core-config/src/secrets.ts",
        "hashed_secret": "59445e1053052e33e1c51a820bd8f89b08d7251c",
        "is_verified": false,
        "line_number": 49
      }
    ],
    "pnpm-lock.yaml": [
      {
        "type": "Base64 High Entropy String",
        "filename": "pnpm-lock.yaml",
        "hashed_secret": "093dc379f0665dae817d66ad51c531bd83faa293",
        "is_verified": false,
        "line_number": 64
      },
      {
        "type": "Base64 High Entropy String",
        "filename": "pnpm-lock.yaml",
        "hashed_secret": "81fd1660ece7e07415abd7d49f0938d1cb3894a7",
        "is_verified": false,
        "line_number": 67
      },
      {
        "type": "Base64 High Entropy String",
        "filename": "pnpm-lock.yaml",
        "hashed_secret": "a1e4dbe75a0f44aec39fac9bee386901421e716e",
        "is_verified": false,
        "line_number": 71
      },
      {
        "type": "Base64 High Entropy String",
        "filename": "pnpm-lock.yaml",
        "hashed_secret": "04cd1f96a69cd58e16c5bb7e57b623cf2c5cacc4",
        "is_verified": false,
        "line_number": 74
      },
      {
        "type": "Base64 High Entropy String",
        "filename": "pnpm-lock.yaml",
        "hashed_secret": "f81e7b4ab0cf84fbe9e34f624d60e20fba331ea7",
        "is_verified": false,
        "line_number": 77
      },
      {
        "type": "Base64 High Entropy String",
        "filename": "pnpm-lock.yaml",
        "hashed_secret": "8f3f87ee04a0613357dad77315c445d5df43be3d",
        "is_verified": false,
        "line_number": 81
      },
      {
        "type": "Base64 High Entropy String",
        "filename": "pnpm-lock.yaml",
        "hashed_secret": "c3d748b80cdf98b41891c2fb0e708ae365f079e8",
        "is_verified": false,
        "line_number": 85
      },
      {
        "type": "Base64 High Entropy String",
        "filename": "pnpm-lock.yaml",
        "hashed_secret": "d426769b9ca88553c134a49c4b0cacc5268f8621",
        "is_verified": false,
        "line_number": 89
      },
      {
        "type": "Base64 High Entropy String",
        "filename": "pnpm-lock.yaml",
        "hashed_secret": "512047b4bb4c3cd18a083ace62773a751964fcc9",
        "is_verified": false,
        "line_number": 93
      },
      {
        "type": "Base64 High Entropy String",
        "filename": "pnpm-lock.yaml",
        "hashed_secret": "3caed904e4eab09a7657b9ee2550655add36e13e",
        "is_verified": false,
        "line_number": 97
      },
      {
        "type": "Base64 High Entropy String",
        "filename": "pnpm-lock.yaml",
        "hashed_secret": "41343ada49913430f6cddfe26045c5ca503577a4",
        "is_verified": false,
        "line_number": 101
      },
      {
        "type": "Base64 High Entropy String",
        "filename": "pnpm-lock.yaml",
        "hashed_secret": "a0427d8590d383487dbffa34e9fd1cc7619414c8",
        "is_verified": false,
        "line_number": 105
      },
      {
        "type": "Base64 High Entropy String",
        "filename": "pnpm-lock.yaml",
        "hashed_secret": "72d1c4e2e0dc002caab9ee739be6ab21fe1c89c3",
        "is_verified": false,
        "line_number": 109
      },
      {
        "type": "Base64 High Entropy String",
        "filename": "pnpm-lock.yaml",
        "hashed_secret": "cb9b05be3c1997068dafdf4c20759bd8a77f324f",
        "is_verified": false,
        "line_number": 113
      },
      {
        "type": "Base64 High Entropy String",
        "filename": "pnpm-lock.yaml",
        "hashed_secret": "fc44e6cb2255e93e1d4be8ce420baa2959138bbd",
        "is_verified": false,
        "line_number": 117
      },
      {
        "type": "Base64 High Entropy String",
        "filename": "pnpm-lock.yaml",
        "hashed_secret": "efd1e6912699be00dffdbdc324cc5435e4543593",
        "is_verified": false,
        "line_number": 121
      },
      {
        "type": "Base64 High Entropy String",
        "filename": "pnpm-lock.yaml",
        "hashed_secret": "650ef12e3878e344ab46d4f32aa8f5a650b24c8d",
        "is_verified": false,
        "line_number": 125
      },
      {
        "type": "Base64 High Entropy String",
        "filename": "pnpm-lock.yaml",
        "hashed_secret": "2169cadea18d95376e7d347c7142140dcecab6d1",
        "is_verified": false,
        "line_number": 129
      },
      {
        "type": "Base64 High Entropy String",
        "filename": "pnpm-lock.yaml",
        "hashed_secret": "198fec2c3532408322de40c898e284f417a1a281",
        "is_verified": false,
        "line_number": 133
      },
      {
        "type": "Base64 High Entropy String",
        "filename": "pnpm-lock.yaml",
        "hashed_secret": "873d797d9741f94ea8eaa3a287d9eb3dbea3f9bf",
        "is_verified": false,
        "line_number": 137
      },
      {
        "type": "Base64 High Entropy String",
        "filename": "pnpm-lock.yaml",
        "hashed_secret": "56ae46b9a7d0593f01263cab548260ec5c865743",
        "is_verified": false,
        "line_number": 141
      },
      {
        "type": "Base64 High Entropy String",
        "filename": "pnpm-lock.yaml",
        "hashed_secret": "de75258a01b303a84e5c8d24addf1e4abca2fbdb",
        "is_verified": false,
        "line_number": 145
      },
      {
        "type": "Base64 High Entropy String",
        "filename": "pnpm-lock.yaml",
        "hashed_secret": "0028abbae0b81df1fcc643165dffbaacabbba9fa",
        "is_verified": false,
        "line_number": 149
      },
      {
        "type": "Base64 High Entropy String",
        "filename": "pnpm-lock.yaml",
        "hashed_secret": "bb667f6ab17e11c5a57cf754e27d01f10c15b38f",
        "is_verified": false,
        "line_number": 153
      },
      {
        "type": "Base64 High Entropy String",
        "filename": "pnpm-lock.yaml",
        "hashed_secret": "c9e881f47373c0aad6a6f917b62a42612fa61925",
        "is_verified": false,
        "line_number": 157
      },
      {
        "type": "Base64 High Entropy String",
        "filename": "pnpm-lock.yaml",
        "hashed_secret": "f4219db1250c91fe9a4fd2d92ca13b5165d4d4d1",
        "is_verified": false,
        "line_number": 161
      },
      {
        "type": "Base64 High Entropy String",
        "filename": "pnpm-lock.yaml",
        "hashed_secret": "8f80ef683ef86c631207995d174eb26a1390559f",
        "is_verified": false,
        "line_number": 165
      },
      {
        "type": "Base64 High Entropy String",
        "filename": "pnpm-lock.yaml",
        "hashed_secret": "df238fdeb6b8a80ef48688a5861118051c6f0acc",
        "is_verified": false,
        "line_number": 168
      },
      {
        "type": "Base64 High Entropy String",
        "filename": "pnpm-lock.yaml",
        "hashed_secret": "2f1377ecc78e35370d077bc35c11b2c4365c3c56",
        "is_verified": false,
        "line_number": 177
      },
      {
        "type": "Base64 High Entropy String",
        "filename": "pnpm-lock.yaml",
        "hashed_secret": "7a6c027a2a76bd6b9046e51ad4c6ffae1952c4f1",
        "is_verified": false,
        "line_number": 181
      },
      {
        "type": "Base64 High Entropy String",
        "filename": "pnpm-lock.yaml",
        "hashed_secret": "89cb2a7f9effafaf1af192437eb07513bf90f1df",
        "is_verified": false,
        "line_number": 185
      },
      {
        "type": "Base64 High Entropy String",
        "filename": "pnpm-lock.yaml",
        "hashed_secret": "e5f4e407796476fa150d3f1ec5283df80cd074af",
        "is_verified": false,
        "line_number": 190
      },
      {
        "type": "Base64 High Entropy String",
        "filename": "pnpm-lock.yaml",
        "hashed_secret": "9906f5aed235f4ee107c1f076f374b4957300bee",
        "is_verified": false,
        "line_number": 196
      },
      {
        "type": "Base64 High Entropy String",
        "filename": "pnpm-lock.yaml",
        "hashed_secret": "16e201fb8a0cef27026086d814b13978cd05aedf",
        "is_verified": false,
        "line_number": 202
      },
      {
        "type": "Base64 High Entropy String",
        "filename": "pnpm-lock.yaml",
        "hashed_secret": "834ae0fe9623c3f18f24d058c4efef0f2d9d7f93",
        "is_verified": false,
        "line_number": 208
      },
      {
        "type": "Base64 High Entropy String",
        "filename": "pnpm-lock.yaml",
        "hashed_secret": "14c2f221e2a0374a62452a6390d8c8c07a061357",
        "is_verified": false,
        "line_number": 214
      },
      {
        "type": "Base64 High Entropy String",
        "filename": "pnpm-lock.yaml",
        "hashed_secret": "bf312e92cd7d2d6b291028dce7da28e6bc2304dd",
        "is_verified": false,
        "line_number": 220
      },
      {
        "type": "Base64 High Entropy String",
        "filename": "pnpm-lock.yaml",
        "hashed_secret": "faefa7aae37cfcf242f003d7c6aab17d90491a9e",
        "is_verified": false,
        "line_number": 226
      },
      {
        "type": "Base64 High Entropy String",
        "filename": "pnpm-lock.yaml",
        "hashed_secret": "7337ddccf2ed2b2062c7dc7ee2b5f2632d601521",
        "is_verified": false,
        "line_number": 232
      },
      {
        "type": "Base64 High Entropy String",
        "filename": "pnpm-lock.yaml",
        "hashed_secret": "3ea0d87d61dbb594aa675e273879de83b52f70c8",
        "is_verified": false,
        "line_number": 238
      },
      {
        "type": "Base64 High Entropy String",
        "filename": "pnpm-lock.yaml",
        "hashed_secret": "0f2267a27934026eb6809ce42356bbd4541bbf37",
        "is_verified": false,
        "line_number": 244
      },
      {
        "type": "Base64 High Entropy String",
        "filename": "pnpm-lock.yaml",
        "hashed_secret": "922c492f2425b7f3ec368965e3fb9ac27a0ee4b3",
        "is_verified": false,
        "line_number": 250
      },
      {
        "type": "Base64 High Entropy String",
        "filename": "pnpm-lock.yaml",
        "hashed_secret": "06f0248e491f26252bb42b8e155eeb67d02e5ae0",
        "is_verified": false,
        "line_number": 256
      },
      {
        "type": "Base64 High Entropy String",
        "filename": "pnpm-lock.yaml",
        "hashed_secret": "e6ec23ed1cf8775af96e90576325d3f0a043c4c9",
        "is_verified": false,
        "line_number": 262
      },
      {
        "type": "Base64 High Entropy String",
        "filename": "pnpm-lock.yaml",
        "hashed_secret": "2dede0b8b41919047c4631e457626aa10f63368b",
        "is_verified": false,
        "line_number": 268
      },
      {
        "type": "Base64 High Entropy String",
        "filename": "pnpm-lock.yaml",
        "hashed_secret": "457ab8e8b3ad0b98227ffbd1d472e7a9af4db484",
        "is_verified": false,
        "line_number": 274
      },
      {
        "type": "Base64 High Entropy String",
        "filename": "pnpm-lock.yaml",
        "hashed_secret": "7e7df9fa89109904de23b56bc4a932761b9c441e",
        "is_verified": false,
        "line_number": 280
      },
      {
        "type": "Base64 High Entropy String",
        "filename": "pnpm-lock.yaml",
        "hashed_secret": "02905a3bdb3ff71d9d51fd1b0a043c6d216ed994",
        "is_verified": false,
        "line_number": 286
      },
      {
        "type": "Base64 High Entropy String",
        "filename": "pnpm-lock.yaml",
        "hashed_secret": "6a2a52b0181564ec438cc8a74f61a587fe8496e8",
        "is_verified": false,
        "line_number": 292
      },
      {
        "type": "Base64 High Entropy String",
        "filename": "pnpm-lock.yaml",
        "hashed_secret": "31e00254c727321a09032aac0c222bb3f0ddd420",
        "is_verified": false,
        "line_number": 298
      },
      {
        "type": "Base64 High Entropy String",
        "filename": "pnpm-lock.yaml",
        "hashed_secret": "2863b352b8bd86014673fca7b10944e6e4a668d4",
        "is_verified": false,
        "line_number": 304
      },
      {
        "type": "Base64 High Entropy String",
        "filename": "pnpm-lock.yaml",
        "hashed_secret": "d2d42b67204543e4f4747dde2fce3571660031b0",
        "is_verified": false,
        "line_number": 310
      },
      {
        "type": "Base64 High Entropy String",
        "filename": "pnpm-lock.yaml",
        "hashed_secret": "4efcfae9f1335e170b8865eb759c1f362a048351",
        "is_verified": false,
        "line_number": 316
      },
      {
        "type": "Base64 High Entropy String",
        "filename": "pnpm-lock.yaml",
        "hashed_secret": "811bb609ca3448dd939b7ca550fe784feb3d271c",
        "is_verified": false,
        "line_number": 322
      },
      {
        "type": "Base64 High Entropy String",
        "filename": "pnpm-lock.yaml",
        "hashed_secret": "edb41f19c643a25ec0c60c3302f44ab58bcc7508",
        "is_verified": false,
        "line_number": 328
      },
      {
        "type": "Base64 High Entropy String",
        "filename": "pnpm-lock.yaml",
        "hashed_secret": "16c6c4cb9f9895135492366039b61709fbe3ec01",
        "is_verified": false,
        "line_number": 334
      },
      {
        "type": "Base64 High Entropy String",
        "filename": "pnpm-lock.yaml",
        "hashed_secret": "f168ca8d52edb424f61064b4da33f0186ecec7c3",
        "is_verified": false,
        "line_number": 340
      },
      {
        "type": "Base64 High Entropy String",
        "filename": "pnpm-lock.yaml",
        "hashed_secret": "eddf615912427dca3c719f5509a878372637ccae",
        "is_verified": false,
        "line_number": 346
      },
      {
        "type": "Base64 High Entropy String",
        "filename": "pnpm-lock.yaml",
        "hashed_secret": "d2c6fc860b10f197592e78c518d3a628664db984",
        "is_verified": false,
        "line_number": 352
      },
      {
        "type": "Base64 High Entropy String",
        "filename": "pnpm-lock.yaml",
        "hashed_secret": "3bfa73dcea6271383a9ff086fad9a21c43d2e833",
        "is_verified": false,
        "line_number": 358
      },
      {
        "type": "Base64 High Entropy String",
        "filename": "pnpm-lock.yaml",
        "hashed_secret": "9f866595f5a59c90273409822c1bdf6c2786549d",
        "is_verified": false,
        "line_number": 364
      },
      {
        "type": "Base64 High Entropy String",
        "filename": "pnpm-lock.yaml",
        "hashed_secret": "c6da6d643c0bd65093453a3136a6c81ff157c59e",
        "is_verified": false,
        "line_number": 370
      },
      {
        "type": "Base64 High Entropy String",
        "filename": "pnpm-lock.yaml",
        "hashed_secret": "3154b424fc21518b2a85e5998930fe4ddc7d0d81",
        "is_verified": false,
        "line_number": 376
      },
      {
        "type": "Base64 High Entropy String",
        "filename": "pnpm-lock.yaml",
        "hashed_secret": "1c0ddbb2fa80c3cf1aa6630738c4bd861551871f",
        "is_verified": false,
        "line_number": 382
      },
      {
        "type": "Base64 High Entropy String",
        "filename": "pnpm-lock.yaml",
        "hashed_secret": "959254afb31e3de7ffe9131a38cc51ff7d412c5b",
        "is_verified": false,
        "line_number": 388
      },
      {
        "type": "Base64 High Entropy String",
        "filename": "pnpm-lock.yaml",
        "hashed_secret": "26b171fc559c6833061674de362a2278b7a2239d",
        "is_verified": false,
        "line_number": 394
      },
      {
        "type": "Base64 High Entropy String",
        "filename": "pnpm-lock.yaml",
        "hashed_secret": "d233c0565a468c29330023b41034d8dfe146ef12",
        "is_verified": false,
        "line_number": 398
      },
      {
        "type": "Base64 High Entropy String",
        "filename": "pnpm-lock.yaml",
        "hashed_secret": "c4fb53296f7d7072bc69fa5afdaa466f61f57865",
        "is_verified": false,
        "line_number": 402
      },
      {
        "type": "Base64 High Entropy String",
        "filename": "pnpm-lock.yaml",
        "hashed_secret": "3e27ce640e4d28f44a424837adb6db599d6e4107",
        "is_verified": false,
        "line_number": 406
      },
      {
        "type": "Base64 High Entropy String",
        "filename": "pnpm-lock.yaml",
        "hashed_secret": "91f8e48e7e2b3f3ed2f8173dba359e4defa243c1",
        "is_verified": false,
        "line_number": 410
      },
      {
        "type": "Base64 High Entropy String",
        "filename": "pnpm-lock.yaml",
        "hashed_secret": "a1b673287087897a4b8adb7dc5f28cf192bd576a",
        "is_verified": false,
        "line_number": 414
      },
      {
        "type": "Base64 High Entropy String",
        "filename": "pnpm-lock.yaml",
        "hashed_secret": "58398ca7256e9820fa4a8985d9301ae9ee3fd970",
        "is_verified": false,
        "line_number": 418
      },
      {
        "type": "Base64 High Entropy String",
        "filename": "pnpm-lock.yaml",
        "hashed_secret": "7a3f264d86f9e10f39a39b9a3edfc1053a241e08",
        "is_verified": false,
        "line_number": 422
      },
      {
        "type": "Base64 High Entropy String",
        "filename": "pnpm-lock.yaml",
        "hashed_secret": "404960bab44da99678ae51fea87517119eb8eeca",
        "is_verified": false,
        "line_number": 426
      },
      {
        "type": "Base64 High Entropy String",
        "filename": "pnpm-lock.yaml",
        "hashed_secret": "d5393aedb1734a5a1034af547ddd3bc3a50fa6b6",
        "is_verified": false,
        "line_number": 430
      },
      {
        "type": "Base64 High Entropy String",
        "filename": "pnpm-lock.yaml",
        "hashed_secret": "865c26be50df9e4b5aee1cc13ddcaf5aee794986",
        "is_verified": false,
        "line_number": 434
      },
      {
        "type": "Base64 High Entropy String",
        "filename": "pnpm-lock.yaml",
        "hashed_secret": "e36543abe432690cb8f6e36da3ec9d04385b3436",
        "is_verified": false,
        "line_number": 438
      },
      {
        "type": "Base64 High Entropy String",
        "filename": "pnpm-lock.yaml",
        "hashed_secret": "92cc263b9c00ad5b26836b2e59e82dec6bc3032c",
        "is_verified": false,
        "line_number": 442
      },
      {
        "type": "Base64 High Entropy String",
        "filename": "pnpm-lock.yaml",
        "hashed_secret": "6e524c34c1da4f15a5b561ddbb4465edf4cf7df3",
        "is_verified": false,
        "line_number": 446
      },
      {
        "type": "Base64 High Entropy String",
        "filename": "pnpm-lock.yaml",
        "hashed_secret": "ee9866cfe4b2bb84b65bbd29556f36063e20ee13",
        "is_verified": false,
        "line_number": 450
      },
      {
        "type": "Base64 High Entropy String",
        "filename": "pnpm-lock.yaml",
        "hashed_secret": "74c983e7d44132f4d600b9ae3a3d2354885c025f",
        "is_verified": false,
        "line_number": 454
      },
      {
        "type": "Base64 High Entropy String",
        "filename": "pnpm-lock.yaml",
        "hashed_secret": "260a5d1d9c2c71d01233a29c54b3472d6452fab2",
        "is_verified": false,
        "line_number": 458
      },
      {
        "type": "Base64 High Entropy String",
        "filename": "pnpm-lock.yaml",
        "hashed_secret": "d3a8819d99e4ae8143312c802b7d70a0679fc530",
        "is_verified": false,
        "line_number": 462
      },
      {
        "type": "Base64 High Entropy String",
        "filename": "pnpm-lock.yaml",
        "hashed_secret": "43371d4a4f21fd37958b7a62f08265209f04dc4f",
        "is_verified": false,
        "line_number": 466
      },
      {
        "type": "Base64 High Entropy String",
        "filename": "pnpm-lock.yaml",
        "hashed_secret": "49a1907105baa392a911665783205bca6fd4743c",
        "is_verified": false,
        "line_number": 470
      },
      {
        "type": "Base64 High Entropy String",
        "filename": "pnpm-lock.yaml",
        "hashed_secret": "252a7be96bcfbe7dad406ed783cbf8273f6f9259",
        "is_verified": false,
        "line_number": 474
      },
      {
        "type": "Base64 High Entropy String",
        "filename": "pnpm-lock.yaml",
        "hashed_secret": "341226beb62f558458916d84251b9a98b132ed6f",
        "is_verified": false,
        "line_number": 478
      },
      {
        "type": "Base64 High Entropy String",
        "filename": "pnpm-lock.yaml",
        "hashed_secret": "c87e634052abe9b648ac40d2f7cc5232958a1ae0",
        "is_verified": false,
        "line_number": 482
      },
      {
        "type": "Base64 High Entropy String",
        "filename": "pnpm-lock.yaml",
        "hashed_secret": "2f39613a8bbf74d6458e83b28f3c27fe909a7cb8",
        "is_verified": false,
        "line_number": 486
      },
      {
        "type": "Base64 High Entropy String",
        "filename": "pnpm-lock.yaml",
        "hashed_secret": "32937f6a22b6fd755c10dcf90cbd55f0c5e17fef",
        "is_verified": false,
        "line_number": 490
      },
      {
        "type": "Base64 High Entropy String",
        "filename": "pnpm-lock.yaml",
        "hashed_secret": "636e2cdf2836717e1846842e10c7493de0d1f00e",
        "is_verified": false,
        "line_number": 494
      },
      {
        "type": "Base64 High Entropy String",
        "filename": "pnpm-lock.yaml",
        "hashed_secret": "4e9214a3eb7aab46fc5c1f4cb7623d2981c177d0",
        "is_verified": false,
        "line_number": 498
      },
      {
        "type": "Base64 High Entropy String",
        "filename": "pnpm-lock.yaml",
        "hashed_secret": "f82afd8a87450fc182a8260e2e371520eb0c8e81",
        "is_verified": false,
        "line_number": 502
      },
      {
        "type": "Base64 High Entropy String",
        "filename": "pnpm-lock.yaml",
        "hashed_secret": "30276d89b7003ee84733f73ebd626c28a07504d6",
        "is_verified": false,
        "line_number": 506
      },
      {
        "type": "Base64 High Entropy String",
        "filename": "pnpm-lock.yaml",
        "hashed_secret": "cf358058980455d9947fbb5c492b5a0652bf9d14",
        "is_verified": false,
        "line_number": 510
      },
      {
        "type": "Base64 High Entropy String",
        "filename": "pnpm-lock.yaml",
        "hashed_secret": "ff295e7b8a263ab22762679f1e6400642781236e",
        "is_verified": false,
        "line_number": 514
      },
      {
        "type": "Base64 High Entropy String",
        "filename": "pnpm-lock.yaml",
        "hashed_secret": "1474749a5165c867248333f0b18ad1aba90e56ff",
        "is_verified": false,
        "line_number": 518
      },
      {
        "type": "Base64 High Entropy String",
        "filename": "pnpm-lock.yaml",
        "hashed_secret": "8a0b87f4972ff5bf7045f084683c07461ff9739c",
        "is_verified": false,
        "line_number": 522
      },
      {
        "type": "Base64 High Entropy String",
        "filename": "pnpm-lock.yaml",
        "hashed_secret": "60f35dc8f1248d87fd9f00f2538ad2e76ddbeb49",
        "is_verified": false,
        "line_number": 526
      },
      {
        "type": "Base64 High Entropy String",
        "filename": "pnpm-lock.yaml",
        "hashed_secret": "9ccc85645a3b52ce9f35684a3b8903c218c53acc",
        "is_verified": false,
        "line_number": 530
      },
      {
        "type": "Base64 High Entropy String",
        "filename": "pnpm-lock.yaml",
        "hashed_secret": "01c1a0a10514f969a02ac7773a56def632344906",
        "is_verified": false,
        "line_number": 534
      },
      {
        "type": "Base64 High Entropy String",
        "filename": "pnpm-lock.yaml",
        "hashed_secret": "38a0f31fe321152012770bd799f9c03d3095851a",
        "is_verified": false,
        "line_number": 538
      },
      {
        "type": "Base64 High Entropy String",
        "filename": "pnpm-lock.yaml",
        "hashed_secret": "5e0e6b74363a0a95ae736a3dcdc689f12521e05a",
        "is_verified": false,
        "line_number": 542
      },
      {
        "type": "Base64 High Entropy String",
        "filename": "pnpm-lock.yaml",
        "hashed_secret": "d010e3e866c6f86098d7a7701a0ad59dfbfaa9a4",
        "is_verified": false,
        "line_number": 546
      },
      {
        "type": "Base64 High Entropy String",
        "filename": "pnpm-lock.yaml",
        "hashed_secret": "973197f13c149f3756ad71396c9984b67a08a958",
        "is_verified": false,
        "line_number": 550
      },
      {
        "type": "Base64 High Entropy String",
        "filename": "pnpm-lock.yaml",
        "hashed_secret": "6de00808379370b41e8e577e4f98e1771b7a78ac",
        "is_verified": false,
        "line_number": 554
      },
      {
        "type": "Base64 High Entropy String",
        "filename": "pnpm-lock.yaml",
        "hashed_secret": "f43e8713eb6d6e295da6b6070146c1a28420045d",
        "is_verified": false,
        "line_number": 558
      },
      {
        "type": "Base64 High Entropy String",
        "filename": "pnpm-lock.yaml",
        "hashed_secret": "ea9659e00cdd0298723d4fa5d6f8c4d7749af62a",
        "is_verified": false,
        "line_number": 562
      },
      {
        "type": "Base64 High Entropy String",
        "filename": "pnpm-lock.yaml",
        "hashed_secret": "504507196011cfdade1a33e8a6cad258a96536d6",
        "is_verified": false,
        "line_number": 566
      },
      {
        "type": "Base64 High Entropy String",
        "filename": "pnpm-lock.yaml",
        "hashed_secret": "4d797f74ec1be85c246106ccf1684fb857cad1c4",
        "is_verified": false,
        "line_number": 569
      },
      {
        "type": "Base64 High Entropy String",
        "filename": "pnpm-lock.yaml",
        "hashed_secret": "c5a2842fa0d6d55a58a321023fe5848cd201d350",
        "is_verified": false,
        "line_number": 572
      },
      {
        "type": "Base64 High Entropy String",
        "filename": "pnpm-lock.yaml",
        "hashed_secret": "ef448db8cc5b32e33b5c863e5f22b3e28c629ef8",
        "is_verified": false,
        "line_number": 577
      },
      {
        "type": "Base64 High Entropy String",
        "filename": "pnpm-lock.yaml",
        "hashed_secret": "d950cd8ef510429f57fb282e4a437321ca86158c",
        "is_verified": false,
        "line_number": 581
      },
      {
        "type": "Base64 High Entropy String",
        "filename": "pnpm-lock.yaml",
        "hashed_secret": "dae4c237066a3692fd408ed403bb5186c68ecc99",
        "is_verified": false,
        "line_number": 586
      },
      {
        "type": "Base64 High Entropy String",
        "filename": "pnpm-lock.yaml",
        "hashed_secret": "17df0cf1bffb39d85a2aea45c887f1998ffc48a8",
        "is_verified": false,
        "line_number": 589
      },
      {
        "type": "Base64 High Entropy String",
        "filename": "pnpm-lock.yaml",
        "hashed_secret": "5f708642574b4d63a8d7e1dd21e96fdce118dac2",
        "is_verified": false,
        "line_number": 592
      },
      {
        "type": "Base64 High Entropy String",
        "filename": "pnpm-lock.yaml",
        "hashed_secret": "9bf200e3147a1d837839d6bf5b649716c1537cbb",
        "is_verified": false,
        "line_number": 595
      },
      {
        "type": "Base64 High Entropy String",
        "filename": "pnpm-lock.yaml",
        "hashed_secret": "422f025608080feaba8cb1fbbb522deb3f43cdcc",
        "is_verified": false,
        "line_number": 598
      },
      {
        "type": "Base64 High Entropy String",
        "filename": "pnpm-lock.yaml",
        "hashed_secret": "8239574b4263502316ae4af75858c8537b8f9dc2",
        "is_verified": false,
        "line_number": 603
      },
      {
        "type": "Base64 High Entropy String",
        "filename": "pnpm-lock.yaml",
        "hashed_secret": "7c43a5a81cdfc2d174e64e7441e07b48f610be0e",
        "is_verified": false,
        "line_number": 608
      },
      {
        "type": "Base64 High Entropy String",
        "filename": "pnpm-lock.yaml",
        "hashed_secret": "091e83ce773c6bc07f7e37eed45a1131d150d60c",
        "is_verified": false,
        "line_number": 611
      },
      {
        "type": "Base64 High Entropy String",
        "filename": "pnpm-lock.yaml",
        "hashed_secret": "2a6ec2710324e581e13c5bd7ce5f78fd563b3db0",
        "is_verified": false,
        "line_number": 616
      }
    ]
  },
  "generated_at": "2026-02-22T08:09:54Z"
}
