{
  "version": "1.5.0",
  "plugins_used": [
    {
      "name": "ArtifactoryDetector"
    },
    {
      "name": "AWSKeyDetector"
    },
    {
      "name": "AzureStorageKeyDetector"
    },
    {
      "name": "Base64HighEntropyString",
      "limit": 4.5
    },
    {
      "name": "BasicAuthDetector"
    },
    {
      "name": "CloudantDetector"
    },
    {
      "name": "DiscordBotTokenDetector"
    },
    {
      "name": "GitHubTokenDetector"
    },
    {
      "name": "HexHighEntropyString",
      "limit": 3.0
    },
    {
      "name": "IbmCloudIamDetector"
    },
    {
      "name": "IbmCosHmacDetector"
    },
    {
      "name": "JwtTokenDetector"
    },
    {
      "name": "KeywordDetector",
      "keyword_exclude": ""
    },
    {
      "name": "MailchimpDetector"
    },
    {
      "name": "NpmDetector"
    },
    {
      "name": "PrivateKeyDetector"
    },
    {
      "name": "SendGridDetector"
    },
    {
      "name": "SlackDetector"
    },
    {
      "name": "SoftlayerDetector"
    },
    {
      "name": "SquareOAuthDetector"
    },
    {
      "name": "StripeDetector"
    },
    {
      "name": "TwilioKeyDetector"
    }
  ],
  "filters_used": [
    {
      "path": "detect_secrets.filters.allowlist_filter.is_line_allowlist"
    },
    {
      "path": "detect_secrets.filters.common.is_baseline_file",
      "filename": ".secrets.baseline"
    },
    {
      "path": "detect_secrets.filters.common.is_ignored_due_to_verification_policies",
      "min_level": 2
    },
    {
      "path": "detect_secrets.filters.heuristic.is_indirect_reference"
    },
    {
      "path": "detect_secrets.filters.heuristic.is_likely_id_string"
    },
    {
      "path": "detect_secrets.filters.heuristic.is_lock_file"
    },
    {
      "path": "detect_secrets.filters.heuristic.is_not_alphanumeric_string"
    },
    {
      "path": "detect_secrets.filters.heuristic.is_potential_uuid"
    },
    {
      "path": "detect_secrets.filters.heuristic.is_prefixed_with_dollar_sign"
    },
    {
      "path": "detect_secrets.filters.heuristic.is_sequential_string"
    },
    {
      "path": "detect_secrets.filters.heuristic.is_swagger_file"
    },
    {
      "path": "detect_secrets.filters.heuristic.is_templated_secret"
    }
  ],
  "results": {
    "infra/envs/localstack/providers.tf": [
      {
        "type": "Secret Keyword",
        "filename": "infra/envs/localstack/providers.tf",
        "hashed_secret": "a94a8fe5ccb19ba61c4c0873d391e987982fbbd3",
        "is_verified": false,
        "line_number": 13
      }
    ],
    "pnpm-lock.yaml": [
      {
        "type": "Base64 High Entropy String",
        "filename": "pnpm-lock.yaml",
        "hashed_secret": "89cb2a7f9effafaf1af192437eb07513bf90f1df",
        "is_verified": false,
        "line_number": 18
      },
      {
        "type": "Base64 High Entropy String",
        "filename": "pnpm-lock.yaml",
        "hashed_secret": "e5f4e407796476fa150d3f1ec5283df80cd074af",
        "is_verified": false,
        "line_number": 23
      },
      {
        "type": "Base64 High Entropy String",
        "filename": "pnpm-lock.yaml",
        "hashed_secret": "9906f5aed235f4ee107c1f076f374b4957300bee",
        "is_verified": false,
        "line_number": 29
      },
      {
        "type": "Base64 High Entropy String",
        "filename": "pnpm-lock.yaml",
        "hashed_secret": "16e201fb8a0cef27026086d814b13978cd05aedf",
        "is_verified": false,
        "line_number": 35
      },
      {
        "type": "Base64 High Entropy String",
        "filename": "pnpm-lock.yaml",
        "hashed_secret": "834ae0fe9623c3f18f24d058c4efef0f2d9d7f93",
        "is_verified": false,
        "line_number": 41
      },
      {
        "type": "Base64 High Entropy String",
        "filename": "pnpm-lock.yaml",
        "hashed_secret": "14c2f221e2a0374a62452a6390d8c8c07a061357",
        "is_verified": false,
        "line_number": 47
      },
      {
        "type": "Base64 High Entropy String",
        "filename": "pnpm-lock.yaml",
        "hashed_secret": "bf312e92cd7d2d6b291028dce7da28e6bc2304dd",
        "is_verified": false,
        "line_number": 53
      },
      {
        "type": "Base64 High Entropy String",
        "filename": "pnpm-lock.yaml",
        "hashed_secret": "faefa7aae37cfcf242f003d7c6aab17d90491a9e",
        "is_verified": false,
        "line_number": 59
      },
      {
        "type": "Base64 High Entropy String",
        "filename": "pnpm-lock.yaml",
        "hashed_secret": "7337ddccf2ed2b2062c7dc7ee2b5f2632d601521",
        "is_verified": false,
        "line_number": 65
      }
    ]
  },
  "generated_at": "2026-02-14T03:58:12Z"
}
