{
  "version": "1.5.0",
  "plugins_used": [
    {
      "name": "ArtifactoryDetector"
    },
    {
      "name": "AWSKeyDetector"
    },
    {
      "name": "AzureStorageKeyDetector"
    },
    {
      "name": "Base64HighEntropyString",
      "limit": 4.5
    },
    {
      "name": "BasicAuthDetector"
    },
    {
      "name": "CloudantDetector"
    },
    {
      "name": "DiscordBotTokenDetector"
    },
    {
      "name": "GitHubTokenDetector"
    },
    {
      "name": "HexHighEntropyString",
      "limit": 3.0
    },
    {
      "name": "IbmCloudIamDetector"
    },
    {
      "name": "IbmCosHmacDetector"
    },
    {
      "name": "JwtTokenDetector"
    },
    {
      "name": "KeywordDetector",
      "keyword_exclude": ""
    },
    {
      "name": "MailchimpDetector"
    },
    {
      "name": "NpmDetector"
    },
    {
      "name": "PrivateKeyDetector"
    },
    {
      "name": "SendGridDetector"
    },
    {
      "name": "SlackDetector"
    },
    {
      "name": "SoftlayerDetector"
    },
    {
      "name": "SquareOAuthDetector"
    },
    {
      "name": "StripeDetector"
    },
    {
      "name": "TwilioKeyDetector"
    }
  ],
  "filters_used": [
    {
      "path": "detect_secrets.filters.allowlist_filter.is_line_allowlist"
    },
    {
      "path": "detect_secrets.filters.common.is_baseline_file",
      "filename": ".secrets.baseline"
    },
    {
      "path": "detect_secrets.filters.common.is_ignored_due_to_verification_policies",
      "min_level": 2
    },
    {
      "path": "detect_secrets.filters.heuristic.is_indirect_reference"
    },
    {
      "path": "detect_secrets.filters.heuristic.is_likely_id_string"
    },
    {
      "path": "detect_secrets.filters.heuristic.is_lock_file"
    },
    {
      "path": "detect_secrets.filters.heuristic.is_not_alphanumeric_string"
    },
    {
      "path": "detect_secrets.filters.heuristic.is_potential_uuid"
    },
    {
      "path": "detect_secrets.filters.heuristic.is_prefixed_with_dollar_sign"
    },
    {
      "path": "detect_secrets.filters.heuristic.is_sequential_string"
    },
    {
      "path": "detect_secrets.filters.heuristic.is_swagger_file"
    },
    {
      "path": "detect_secrets.filters.heuristic.is_templated_secret"
    }
  ],
  "results": {
    "docs/05-dev/reachy-mini-sdk-reference.md": [
      {
        "type": "Secret Keyword",
        "filename": "docs/05-dev/reachy-mini-sdk-reference.md",
        "hashed_secret": "8cb03f7cc59a5bd130bc50d5c90cf9ef85c78947",
        "is_verified": false,
        "line_number": 187
      }
    ],
    "infra/envs/localstack/providers.tf": [
      {
        "type": "Secret Keyword",
        "filename": "infra/envs/localstack/providers.tf",
        "hashed_secret": "a94a8fe5ccb19ba61c4c0873d391e987982fbbd3",
        "is_verified": false,
        "line_number": 13
      }
    ],
    "packages/core-config/src/secrets.ts": [
      {
        "type": "Secret Keyword",
        "filename": "packages/core-config/src/secrets.ts",
        "hashed_secret": "59445e1053052e33e1c51a820bd8f89b08d7251c",
        "is_verified": false,
        "line_number": 49
      }
    ],
    "packages/core-telemetry/src/__tests__/telemetry.service.test.ts": [
      {
        "type": "Hex High Entropy String",
        "filename": "packages/core-telemetry/src/__tests__/telemetry.service.test.ts",
        "hashed_secret": "0a24796d4c71ce722a92f450f69dc36c60b21de4",
        "is_verified": false,
        "line_number": 31
      }
    ],
    "pnpm-lock.yaml": [
      {
        "type": "Base64 High Entropy String",
        "filename": "pnpm-lock.yaml",
        "hashed_secret": "e69fe2d30dc1382b9538a82efacdaf6410ae4aa9",
        "is_verified": false,
        "line_number": 132
      },
      {
        "type": "Base64 High Entropy String",
        "filename": "pnpm-lock.yaml",
        "hashed_secret": "093dc379f0665dae817d66ad51c531bd83faa293",
        "is_verified": false,
        "line_number": 136
      },
      {
        "type": "Base64 High Entropy String",
        "filename": "pnpm-lock.yaml",
        "hashed_secret": "81fd1660ece7e07415abd7d49f0938d1cb3894a7",
        "is_verified": false,
        "line_number": 139
      },
      {
        "type": "Base64 High Entropy String",
        "filename": "pnpm-lock.yaml",
        "hashed_secret": "a1e4dbe75a0f44aec39fac9bee386901421e716e",
        "is_verified": false,
        "line_number": 143
      },
      {
        "type": "Base64 High Entropy String",
        "filename": "pnpm-lock.yaml",
        "hashed_secret": "04cd1f96a69cd58e16c5bb7e57b623cf2c5cacc4",
        "is_verified": false,
        "line_number": 146
      },
      {
        "type": "Base64 High Entropy String",
        "filename": "pnpm-lock.yaml",
        "hashed_secret": "104011ec262224da7927bc691f00bad93e884048",
        "is_verified": false,
        "line_number": 149
      },
      {
        "type": "Base64 High Entropy String",
        "filename": "pnpm-lock.yaml",
        "hashed_secret": "f81e7b4ab0cf84fbe9e34f624d60e20fba331ea7",
        "is_verified": false,
        "line_number": 153
      },
      {
        "type": "Base64 High Entropy String",
        "filename": "pnpm-lock.yaml",
        "hashed_secret": "30bc9e4111edf03a3997bc7109ac6b5a6dd7d44d",
        "is_verified": false,
        "line_number": 157
      },
      {
        "type": "Base64 High Entropy String",
        "filename": "pnpm-lock.yaml",
        "hashed_secret": "8f3f87ee04a0613357dad77315c445d5df43be3d",
        "is_verified": false,
        "line_number": 161
      },
      {
        "type": "Base64 High Entropy String",
        "filename": "pnpm-lock.yaml",
        "hashed_secret": "c3d748b80cdf98b41891c2fb0e708ae365f079e8",
        "is_verified": false,
        "line_number": 165
      },
      {
        "type": "Base64 High Entropy String",
        "filename": "pnpm-lock.yaml",
        "hashed_secret": "d426769b9ca88553c134a49c4b0cacc5268f8621",
        "is_verified": false,
        "line_number": 169
      },
      {
        "type": "Base64 High Entropy String",
        "filename": "pnpm-lock.yaml",
        "hashed_secret": "512047b4bb4c3cd18a083ace62773a751964fcc9",
        "is_verified": false,
        "line_number": 173
      },
      {
        "type": "Base64 High Entropy String",
        "filename": "pnpm-lock.yaml",
        "hashed_secret": "3caed904e4eab09a7657b9ee2550655add36e13e",
        "is_verified": false,
        "line_number": 177
      },
      {
        "type": "Base64 High Entropy String",
        "filename": "pnpm-lock.yaml",
        "hashed_secret": "41343ada49913430f6cddfe26045c5ca503577a4",
        "is_verified": false,
        "line_number": 181
      },
      {
        "type": "Base64 High Entropy String",
        "filename": "pnpm-lock.yaml",
        "hashed_secret": "a0427d8590d383487dbffa34e9fd1cc7619414c8",
        "is_verified": false,
        "line_number": 185
      },
      {
        "type": "Base64 High Entropy String",
        "filename": "pnpm-lock.yaml",
        "hashed_secret": "72d1c4e2e0dc002caab9ee739be6ab21fe1c89c3",
        "is_verified": false,
        "line_number": 189
      },
      {
        "type": "Base64 High Entropy String",
        "filename": "pnpm-lock.yaml",
        "hashed_secret": "cb9b05be3c1997068dafdf4c20759bd8a77f324f",
        "is_verified": false,
        "line_number": 193
      },
      {
        "type": "Base64 High Entropy String",
        "filename": "pnpm-lock.yaml",
        "hashed_secret": "fc44e6cb2255e93e1d4be8ce420baa2959138bbd",
        "is_verified": false,
        "line_number": 197
      },
      {
        "type": "Base64 High Entropy String",
        "filename": "pnpm-lock.yaml",
        "hashed_secret": "efd1e6912699be00dffdbdc324cc5435e4543593",
        "is_verified": false,
        "line_number": 201
      },
      {
        "type": "Base64 High Entropy String",
        "filename": "pnpm-lock.yaml",
        "hashed_secret": "650ef12e3878e344ab46d4f32aa8f5a650b24c8d",
        "is_verified": false,
        "line_number": 205
      },
      {
        "type": "Base64 High Entropy String",
        "filename": "pnpm-lock.yaml",
        "hashed_secret": "2169cadea18d95376e7d347c7142140dcecab6d1",
        "is_verified": false,
        "line_number": 209
      },
      {
        "type": "Base64 High Entropy String",
        "filename": "pnpm-lock.yaml",
        "hashed_secret": "8da14e0be22b83796bf1773eb53d143c116a9424",
        "is_verified": false,
        "line_number": 213
      },
      {
        "type": "Base64 High Entropy String",
        "filename": "pnpm-lock.yaml",
        "hashed_secret": "198fec2c3532408322de40c898e284f417a1a281",
        "is_verified": false,
        "line_number": 217
      },
      {
        "type": "Base64 High Entropy String",
        "filename": "pnpm-lock.yaml",
        "hashed_secret": "873d797d9741f94ea8eaa3a287d9eb3dbea3f9bf",
        "is_verified": false,
        "line_number": 221
      },
      {
        "type": "Base64 High Entropy String",
        "filename": "pnpm-lock.yaml",
        "hashed_secret": "56ae46b9a7d0593f01263cab548260ec5c865743",
        "is_verified": false,
        "line_number": 225
      },
      {
        "type": "Base64 High Entropy String",
        "filename": "pnpm-lock.yaml",
        "hashed_secret": "de75258a01b303a84e5c8d24addf1e4abca2fbdb",
        "is_verified": false,
        "line_number": 229
      },
      {
        "type": "Base64 High Entropy String",
        "filename": "pnpm-lock.yaml",
        "hashed_secret": "0028abbae0b81df1fcc643165dffbaacabbba9fa",
        "is_verified": false,
        "line_number": 233
      },
      {
        "type": "Base64 High Entropy String",
        "filename": "pnpm-lock.yaml",
        "hashed_secret": "bb667f6ab17e11c5a57cf754e27d01f10c15b38f",
        "is_verified": false,
        "line_number": 237
      },
      {
        "type": "Base64 High Entropy String",
        "filename": "pnpm-lock.yaml",
        "hashed_secret": "c9e881f47373c0aad6a6f917b62a42612fa61925",
        "is_verified": false,
        "line_number": 241
      },
      {
        "type": "Base64 High Entropy String",
        "filename": "pnpm-lock.yaml",
        "hashed_secret": "f4219db1250c91fe9a4fd2d92ca13b5165d4d4d1",
        "is_verified": false,
        "line_number": 245
      },
      {
        "type": "Base64 High Entropy String",
        "filename": "pnpm-lock.yaml",
        "hashed_secret": "8f80ef683ef86c631207995d174eb26a1390559f",
        "is_verified": false,
        "line_number": 249
      },
      {
        "type": "Base64 High Entropy String",
        "filename": "pnpm-lock.yaml",
        "hashed_secret": "df238fdeb6b8a80ef48688a5861118051c6f0acc",
        "is_verified": false,
        "line_number": 252
      },
      {
        "type": "Base64 High Entropy String",
        "filename": "pnpm-lock.yaml",
        "hashed_secret": "2f1377ecc78e35370d077bc35c11b2c4365c3c56",
        "is_verified": false,
        "line_number": 261
      },
      {
        "type": "Base64 High Entropy String",
        "filename": "pnpm-lock.yaml",
        "hashed_secret": "7a6c027a2a76bd6b9046e51ad4c6ffae1952c4f1",
        "is_verified": false,
        "line_number": 265
      },
      {
        "type": "Base64 High Entropy String",
        "filename": "pnpm-lock.yaml",
        "hashed_secret": "89cb2a7f9effafaf1af192437eb07513bf90f1df",
        "is_verified": false,
        "line_number": 269
      },
      {
        "type": "Base64 High Entropy String",
        "filename": "pnpm-lock.yaml",
        "hashed_secret": "e5f4e407796476fa150d3f1ec5283df80cd074af",
        "is_verified": false,
        "line_number": 274
      },
      {
        "type": "Base64 High Entropy String",
        "filename": "pnpm-lock.yaml",
        "hashed_secret": "9906f5aed235f4ee107c1f076f374b4957300bee",
        "is_verified": false,
        "line_number": 280
      },
      {
        "type": "Base64 High Entropy String",
        "filename": "pnpm-lock.yaml",
        "hashed_secret": "16e201fb8a0cef27026086d814b13978cd05aedf",
        "is_verified": false,
        "line_number": 286
      },
      {
        "type": "Base64 High Entropy String",
        "filename": "pnpm-lock.yaml",
        "hashed_secret": "834ae0fe9623c3f18f24d058c4efef0f2d9d7f93",
        "is_verified": false,
        "line_number": 292
      },
      {
        "type": "Base64 High Entropy String",
        "filename": "pnpm-lock.yaml",
        "hashed_secret": "14c2f221e2a0374a62452a6390d8c8c07a061357",
        "is_verified": false,
        "line_number": 298
      },
      {
        "type": "Base64 High Entropy String",
        "filename": "pnpm-lock.yaml",
        "hashed_secret": "bf312e92cd7d2d6b291028dce7da28e6bc2304dd",
        "is_verified": false,
        "line_number": 304
      },
      {
        "type": "Base64 High Entropy String",
        "filename": "pnpm-lock.yaml",
        "hashed_secret": "faefa7aae37cfcf242f003d7c6aab17d90491a9e",
        "is_verified": false,
        "line_number": 310
      },
      {
        "type": "Base64 High Entropy String",
        "filename": "pnpm-lock.yaml",
        "hashed_secret": "7337ddccf2ed2b2062c7dc7ee2b5f2632d601521",
        "is_verified": false,
        "line_number": 316
      },
      {
        "type": "Base64 High Entropy String",
        "filename": "pnpm-lock.yaml",
        "hashed_secret": "3f13be101a5695fe9d272a894f6185b03eeac435",
        "is_verified": false,
        "line_number": 322
      },
      {
        "type": "Base64 High Entropy String",
        "filename": "pnpm-lock.yaml",
        "hashed_secret": "3ea0d87d61dbb594aa675e273879de83b52f70c8",
        "is_verified": false,
        "line_number": 325
      },
      {
        "type": "Base64 High Entropy String",
        "filename": "pnpm-lock.yaml",
        "hashed_secret": "0f2267a27934026eb6809ce42356bbd4541bbf37",
        "is_verified": false,
        "line_number": 331
      },
      {
        "type": "Base64 High Entropy String",
        "filename": "pnpm-lock.yaml",
        "hashed_secret": "922c492f2425b7f3ec368965e3fb9ac27a0ee4b3",
        "is_verified": false,
        "line_number": 337
      },
      {
        "type": "Base64 High Entropy String",
        "filename": "pnpm-lock.yaml",
        "hashed_secret": "06f0248e491f26252bb42b8e155eeb67d02e5ae0",
        "is_verified": false,
        "line_number": 343
      },
      {
        "type": "Base64 High Entropy String",
        "filename": "pnpm-lock.yaml",
        "hashed_secret": "e6ec23ed1cf8775af96e90576325d3f0a043c4c9",
        "is_verified": false,
        "line_number": 349
      },
      {
        "type": "Base64 High Entropy String",
        "filename": "pnpm-lock.yaml",
        "hashed_secret": "2dede0b8b41919047c4631e457626aa10f63368b",
        "is_verified": false,
        "line_number": 355
      },
      {
        "type": "Base64 High Entropy String",
        "filename": "pnpm-lock.yaml",
        "hashed_secret": "457ab8e8b3ad0b98227ffbd1d472e7a9af4db484",
        "is_verified": false,
        "line_number": 361
      },
      {
        "type": "Base64 High Entropy String",
        "filename": "pnpm-lock.yaml",
        "hashed_secret": "7e7df9fa89109904de23b56bc4a932761b9c441e",
        "is_verified": false,
        "line_number": 367
      },
      {
        "type": "Base64 High Entropy String",
        "filename": "pnpm-lock.yaml",
        "hashed_secret": "02905a3bdb3ff71d9d51fd1b0a043c6d216ed994",
        "is_verified": false,
        "line_number": 373
      },
      {
        "type": "Base64 High Entropy String",
        "filename": "pnpm-lock.yaml",
        "hashed_secret": "6a2a52b0181564ec438cc8a74f61a587fe8496e8",
        "is_verified": false,
        "line_number": 379
      },
      {
        "type": "Base64 High Entropy String",
        "filename": "pnpm-lock.yaml",
        "hashed_secret": "31e00254c727321a09032aac0c222bb3f0ddd420",
        "is_verified": false,
        "line_number": 385
      },
      {
        "type": "Base64 High Entropy String",
        "filename": "pnpm-lock.yaml",
        "hashed_secret": "2863b352b8bd86014673fca7b10944e6e4a668d4",
        "is_verified": false,
        "line_number": 391
      },
      {
        "type": "Base64 High Entropy String",
        "filename": "pnpm-lock.yaml",
        "hashed_secret": "d2d42b67204543e4f4747dde2fce3571660031b0",
        "is_verified": false,
        "line_number": 397
      },
      {
        "type": "Base64 High Entropy String",
        "filename": "pnpm-lock.yaml",
        "hashed_secret": "4efcfae9f1335e170b8865eb759c1f362a048351",
        "is_verified": false,
        "line_number": 403
      },
      {
        "type": "Base64 High Entropy String",
        "filename": "pnpm-lock.yaml",
        "hashed_secret": "811bb609ca3448dd939b7ca550fe784feb3d271c",
        "is_verified": false,
        "line_number": 409
      },
      {
        "type": "Base64 High Entropy String",
        "filename": "pnpm-lock.yaml",
        "hashed_secret": "edb41f19c643a25ec0c60c3302f44ab58bcc7508",
        "is_verified": false,
        "line_number": 415
      },
      {
        "type": "Base64 High Entropy String",
        "filename": "pnpm-lock.yaml",
        "hashed_secret": "16c6c4cb9f9895135492366039b61709fbe3ec01",
        "is_verified": false,
        "line_number": 421
      },
      {
        "type": "Base64 High Entropy String",
        "filename": "pnpm-lock.yaml",
        "hashed_secret": "f168ca8d52edb424f61064b4da33f0186ecec7c3",
        "is_verified": false,
        "line_number": 427
      },
      {
        "type": "Base64 High Entropy String",
        "filename": "pnpm-lock.yaml",
        "hashed_secret": "eddf615912427dca3c719f5509a878372637ccae",
        "is_verified": false,
        "line_number": 433
      },
      {
        "type": "Base64 High Entropy String",
        "filename": "pnpm-lock.yaml",
        "hashed_secret": "d2c6fc860b10f197592e78c518d3a628664db984",
        "is_verified": false,
        "line_number": 439
      },
      {
        "type": "Base64 High Entropy String",
        "filename": "pnpm-lock.yaml",
        "hashed_secret": "3bfa73dcea6271383a9ff086fad9a21c43d2e833",
        "is_verified": false,
        "line_number": 445
      },
      {
        "type": "Base64 High Entropy String",
        "filename": "pnpm-lock.yaml",
        "hashed_secret": "9f866595f5a59c90273409822c1bdf6c2786549d",
        "is_verified": false,
        "line_number": 451
      },
      {
        "type": "Base64 High Entropy String",
        "filename": "pnpm-lock.yaml",
        "hashed_secret": "c6da6d643c0bd65093453a3136a6c81ff157c59e",
        "is_verified": false,
        "line_number": 457
      },
      {
        "type": "Base64 High Entropy String",
        "filename": "pnpm-lock.yaml",
        "hashed_secret": "3154b424fc21518b2a85e5998930fe4ddc7d0d81",
        "is_verified": false,
        "line_number": 463
      },
      {
        "type": "Base64 High Entropy String",
        "filename": "pnpm-lock.yaml",
        "hashed_secret": "1c0ddbb2fa80c3cf1aa6630738c4bd861551871f",
        "is_verified": false,
        "line_number": 469
      },
      {
        "type": "Base64 High Entropy String",
        "filename": "pnpm-lock.yaml",
        "hashed_secret": "959254afb31e3de7ffe9131a38cc51ff7d412c5b",
        "is_verified": false,
        "line_number": 475
      },
      {
        "type": "Base64 High Entropy String",
        "filename": "pnpm-lock.yaml",
        "hashed_secret": "f13ae23732f5532dc9c58859995657bedbf04f44",
        "is_verified": false,
        "line_number": 481
      },
      {
        "type": "Base64 High Entropy String",
        "filename": "pnpm-lock.yaml",
        "hashed_secret": "2ae701c9dad8069658419be25984c6770296f470",
        "is_verified": false,
        "line_number": 485
      },
      {
        "type": "Base64 High Entropy String",
        "filename": "pnpm-lock.yaml",
        "hashed_secret": "f60c00cacddf514ad090fbde7005d8721adc0b89",
        "is_verified": false,
        "line_number": 490
      },
      {
        "type": "Base64 High Entropy String",
        "filename": "pnpm-lock.yaml",
        "hashed_secret": "6bbb334c8f7464b10fe7d8e80938bf1f3affc738",
        "is_verified": false,
        "line_number": 493
      },
      {
        "type": "Base64 High Entropy String",
        "filename": "pnpm-lock.yaml",
        "hashed_secret": "535ee4c5295449dfd5491256121b9a5f77b29358",
        "is_verified": false,
        "line_number": 496
      },
      {
        "type": "Base64 High Entropy String",
        "filename": "pnpm-lock.yaml",
        "hashed_secret": "d65120a345b21fbb852999dcde6f4cc46f82c088",
        "is_verified": false,
        "line_number": 500
      },
      {
        "type": "Base64 High Entropy String",
        "filename": "pnpm-lock.yaml",
        "hashed_secret": "601d54c46a9e7b9fe1a3cfc71dc72f021945f120",
        "is_verified": false,
        "line_number": 513
      },
      {
        "type": "Base64 High Entropy String",
        "filename": "pnpm-lock.yaml",
        "hashed_secret": "bb2599032c00d8a6864f9e600f46d42c2aced0f7",
        "is_verified": false,
        "line_number": 517
      },
      {
        "type": "Base64 High Entropy String",
        "filename": "pnpm-lock.yaml",
        "hashed_secret": "1a98cbd563ba8fca109a785689085bb37626e6dd",
        "is_verified": false,
        "line_number": 521
      },
      {
        "type": "Base64 High Entropy String",
        "filename": "pnpm-lock.yaml",
        "hashed_secret": "13792f2b434b5760bb402ecb5a256966c1c45582",
        "is_verified": false,
        "line_number": 527
      },
      {
        "type": "Base64 High Entropy String",
        "filename": "pnpm-lock.yaml",
        "hashed_secret": "c14b72e3ffd3275949601c5c4573a4fc6cf74c59",
        "is_verified": false,
        "line_number": 533
      },
      {
        "type": "Base64 High Entropy String",
        "filename": "pnpm-lock.yaml",
        "hashed_secret": "d3d5bf1d3bb12eb380e7594663b9a8dc49c0a885",
        "is_verified": false,
        "line_number": 539
      },
      {
        "type": "Base64 High Entropy String",
        "filename": "pnpm-lock.yaml",
        "hashed_secret": "15685910d5c07aa11e385d2a040343eaf318f4a2",
        "is_verified": false,
        "line_number": 545
      },
      {
        "type": "Base64 High Entropy String",
        "filename": "pnpm-lock.yaml",
        "hashed_secret": "9ac1bd9b654c197a90a2687b1b763bf5051265e5",
        "is_verified": false,
        "line_number": 551
      },
      {
        "type": "Base64 High Entropy String",
        "filename": "pnpm-lock.yaml",
        "hashed_secret": "636323ac8f073b4704178a067495d755f673ec01",
        "is_verified": false,
        "line_number": 557
      },
      {
        "type": "Base64 High Entropy String",
        "filename": "pnpm-lock.yaml",
        "hashed_secret": "6bdda0295a993430901e4094c36f63f0bb9e49a5",
        "is_verified": false,
        "line_number": 563
      },
      {
        "type": "Base64 High Entropy String",
        "filename": "pnpm-lock.yaml",
        "hashed_secret": "3fd2a861feb5112db0bce3d7092fcb02a44d0c30",
        "is_verified": false,
        "line_number": 569
      },
      {
        "type": "Base64 High Entropy String",
        "filename": "pnpm-lock.yaml",
        "hashed_secret": "988b54b1fdb8658c1623780f5a4bf08373b38425",
        "is_verified": false,
        "line_number": 575
      },
      {
        "type": "Base64 High Entropy String",
        "filename": "pnpm-lock.yaml",
        "hashed_secret": "e3ff67673fe515ebf88270396b77ea07bf36bc58",
        "is_verified": false,
        "line_number": 581
      },
      {
        "type": "Base64 High Entropy String",
        "filename": "pnpm-lock.yaml",
        "hashed_secret": "55648c93f2845d62c6ec87eada7918a070fc06cd",
        "is_verified": false,
        "line_number": 587
      },
      {
        "type": "Base64 High Entropy String",
        "filename": "pnpm-lock.yaml",
        "hashed_secret": "d19c06c4fcbb834ee1573ba405c1a33ac3d7bbc7",
        "is_verified": false,
        "line_number": 593
      },
      {
        "type": "Base64 High Entropy String",
        "filename": "pnpm-lock.yaml",
        "hashed_secret": "191ca3a5da32e72fd8c622ae8981ea3735e6c455",
        "is_verified": false,
        "line_number": 599
      },
      {
        "type": "Base64 High Entropy String",
        "filename": "pnpm-lock.yaml",
        "hashed_secret": "c30ef8e3aa145b8e35db9b4e07f3889807a7428a",
        "is_verified": false,
        "line_number": 605
      },
      {
        "type": "Base64 High Entropy String",
        "filename": "pnpm-lock.yaml",
        "hashed_secret": "59ccddab87ace0cd961e0ced68ae4be5f1d12b15",
        "is_verified": false,
        "line_number": 611
      },
      {
        "type": "Base64 High Entropy String",
        "filename": "pnpm-lock.yaml",
        "hashed_secret": "16e05e78a42d611879ae417fd3867e7f48b74efc",
        "is_verified": false,
        "line_number": 617
      },
      {
        "type": "Base64 High Entropy String",
        "filename": "pnpm-lock.yaml",
        "hashed_secret": "8f695a4b8446cbb2514b624543438f5ba9a79bee",
        "is_verified": false,
        "line_number": 623
      },
      {
        "type": "Base64 High Entropy String",
        "filename": "pnpm-lock.yaml",
        "hashed_secret": "9a2437c09c4be8f06ccd38c63c71a6a4b16a9cfc",
        "is_verified": false,
        "line_number": 629
      },
      {
        "type": "Base64 High Entropy String",
        "filename": "pnpm-lock.yaml",
        "hashed_secret": "376cb98bd69030d94f5e39060c62e8dc5efb9f3b",
        "is_verified": false,
        "line_number": 635
      },
      {
        "type": "Base64 High Entropy String",
        "filename": "pnpm-lock.yaml",
        "hashed_secret": "b21cb3fcf20b47eddb7cac0cde195d82debdb12d",
        "is_verified": false,
        "line_number": 641
      },
      {
        "type": "Base64 High Entropy String",
        "filename": "pnpm-lock.yaml",
        "hashed_secret": "c5763985e840f2b7bd11c7ab456b4f3ebe425565",
        "is_verified": false,
        "line_number": 647
      },
      {
        "type": "Base64 High Entropy String",
        "filename": "pnpm-lock.yaml",
        "hashed_secret": "bfed2768a1fc0e3368b2ff7638b3426b36f9c87c",
        "is_verified": false,
        "line_number": 653
      },
      {
        "type": "Base64 High Entropy String",
        "filename": "pnpm-lock.yaml",
        "hashed_secret": "322f8dbda6e2a6a0df1f51fd982631e99524018a",
        "is_verified": false,
        "line_number": 659
      },
      {
        "type": "Base64 High Entropy String",
        "filename": "pnpm-lock.yaml",
        "hashed_secret": "219568ca80aaf919d30f4c331f66b9357d263137",
        "is_verified": false,
        "line_number": 665
      },
      {
        "type": "Base64 High Entropy String",
        "filename": "pnpm-lock.yaml",
        "hashed_secret": "d3a622759eb3c9b77aee24c361c75e3a1c9c477a",
        "is_verified": false,
        "line_number": 671
      },
      {
        "type": "Base64 High Entropy String",
        "filename": "pnpm-lock.yaml",
        "hashed_secret": "db316256ee699628915352d03ddaefba20f12c99",
        "is_verified": false,
        "line_number": 675
      },
      {
        "type": "Base64 High Entropy String",
        "filename": "pnpm-lock.yaml",
        "hashed_secret": "559cb512c616ae4934092a7ceb3d42239213543d",
        "is_verified": false,
        "line_number": 679
      },
      {
        "type": "Base64 High Entropy String",
        "filename": "pnpm-lock.yaml",
        "hashed_secret": "350cd89118bc3c0d372e7bdafc16c7cddb28fa72",
        "is_verified": false,
        "line_number": 682
      },
      {
        "type": "Base64 High Entropy String",
        "filename": "pnpm-lock.yaml",
        "hashed_secret": "1db167079aca7da50d198b964334b75bd9983db3",
        "is_verified": false,
        "line_number": 685
      },
      {
        "type": "Base64 High Entropy String",
        "filename": "pnpm-lock.yaml",
        "hashed_secret": "e60716d47e13d2b0cb49517ea127da3badd9cae3",
        "is_verified": false,
        "line_number": 688
      },
      {
        "type": "Base64 High Entropy String",
        "filename": "pnpm-lock.yaml",
        "hashed_secret": "25e0e54522ef3d1dadbc6d818c0ef8eb362fb647",
        "is_verified": false,
        "line_number": 691
      },
      {
        "type": "Base64 High Entropy String",
        "filename": "pnpm-lock.yaml",
        "hashed_secret": "b1d282944d8fe73778df13dfe8d8fdaa76701652",
        "is_verified": false,
        "line_number": 694
      },
      {
        "type": "Base64 High Entropy String",
        "filename": "pnpm-lock.yaml",
        "hashed_secret": "a74b662afa4f0ebc5a12aac687b5c73763681042",
        "is_verified": false,
        "line_number": 697
      },
      {
        "type": "Base64 High Entropy String",
        "filename": "pnpm-lock.yaml",
        "hashed_secret": "2ce30da416c5508022c80773e8dd32ece08dd202",
        "is_verified": false,
        "line_number": 700
      },
      {
        "type": "Base64 High Entropy String",
        "filename": "pnpm-lock.yaml",
        "hashed_secret": "b8ecfeed2481d02eb368ef1f219c2d13a377c0f9",
        "is_verified": false,
        "line_number": 703
      },
      {
        "type": "Base64 High Entropy String",
        "filename": "pnpm-lock.yaml",
        "hashed_secret": "4c90c398002fd093b047fd984b15869691bd2444",
        "is_verified": false,
        "line_number": 706
      },
      {
        "type": "Base64 High Entropy String",
        "filename": "pnpm-lock.yaml",
        "hashed_secret": "188deff38d72ec4b4b8727d34c4def724576c795",
        "is_verified": false,
        "line_number": 709
      },
      {
        "type": "Base64 High Entropy String",
        "filename": "pnpm-lock.yaml",
        "hashed_secret": "5f7cd679d7ceefdfc3b39226ec491c42e96c1eff",
        "is_verified": false,
        "line_number": 712
      },
      {
        "type": "Base64 High Entropy String",
        "filename": "pnpm-lock.yaml",
        "hashed_secret": "d5e12db170fce366c871c3980634f470cc734fdc",
        "is_verified": false,
        "line_number": 717
      },
      {
        "type": "Base64 High Entropy String",
        "filename": "pnpm-lock.yaml",
        "hashed_secret": "cae0f84e0ef559bdc1abec034354e5cd356de4c5",
        "is_verified": false,
        "line_number": 722
      },
      {
        "type": "Base64 High Entropy String",
        "filename": "pnpm-lock.yaml",
        "hashed_secret": "851541ee189bd891a4fb26f16fec0d48746391c1",
        "is_verified": false,
        "line_number": 727
      },
      {
        "type": "Base64 High Entropy String",
        "filename": "pnpm-lock.yaml",
        "hashed_secret": "8fc2d89acc780375d4535edf8ce861d911661bf9",
        "is_verified": false,
        "line_number": 732
      },
      {
        "type": "Base64 High Entropy String",
        "filename": "pnpm-lock.yaml",
        "hashed_secret": "84bb7fc661fcab32025bd1fa8831f7ee5c0b3c2d",
        "is_verified": false,
        "line_number": 737
      },
      {
        "type": "Base64 High Entropy String",
        "filename": "pnpm-lock.yaml",
        "hashed_secret": "ba3245fd451395bf906fc963c1ca7bf044701fe9",
        "is_verified": false,
        "line_number": 742
      },
      {
        "type": "Base64 High Entropy String",
        "filename": "pnpm-lock.yaml",
        "hashed_secret": "e1502a65982f8fcca3ab0d73a621a9a0e9a0b961",
        "is_verified": false,
        "line_number": 747
      },
      {
        "type": "Base64 High Entropy String",
        "filename": "pnpm-lock.yaml",
        "hashed_secret": "d6f663d6be3a732637a9d461e5c119335eae3a97",
        "is_verified": false,
        "line_number": 752
      },
      {
        "type": "Base64 High Entropy String",
        "filename": "pnpm-lock.yaml",
        "hashed_secret": "d956311a05b3323be7bb7837e5ab2edac88a039b",
        "is_verified": false,
        "line_number": 757
      },
      {
        "type": "Base64 High Entropy String",
        "filename": "pnpm-lock.yaml",
        "hashed_secret": "a6dfc1162fc4549bd8f3afd02177a0ec883daf0f",
        "is_verified": false,
        "line_number": 762
      },
      {
        "type": "Base64 High Entropy String",
        "filename": "pnpm-lock.yaml",
        "hashed_secret": "31ed3c2affbb5da6d4442d0724b30691a280f924",
        "is_verified": false,
        "line_number": 767
      },
      {
        "type": "Base64 High Entropy String",
        "filename": "pnpm-lock.yaml",
        "hashed_secret": "15351d7c297db0a866ac3158f925105fcadca9ac",
        "is_verified": false,
        "line_number": 772
      },
      {
        "type": "Base64 High Entropy String",
        "filename": "pnpm-lock.yaml",
        "hashed_secret": "7444a64d1191be35b90d283f6776814be3c40ad6",
        "is_verified": false,
        "line_number": 777
      },
      {
        "type": "Base64 High Entropy String",
        "filename": "pnpm-lock.yaml",
        "hashed_secret": "98546c9cd32da61ce7048f2019d94127dc1e355d",
        "is_verified": false,
        "line_number": 782
      },
      {
        "type": "Base64 High Entropy String",
        "filename": "pnpm-lock.yaml",
        "hashed_secret": "7fe73572f5f411cafd689a61757373d4736862b2",
        "is_verified": false,
        "line_number": 787
      },
      {
        "type": "Base64 High Entropy String",
        "filename": "pnpm-lock.yaml",
        "hashed_secret": "6fe01e9d0856424eab0de8eb94fd0d2c7ba63de2",
        "is_verified": false,
        "line_number": 792
      },
      {
        "type": "Base64 High Entropy String",
        "filename": "pnpm-lock.yaml",
        "hashed_secret": "a1df696acbdf7c74106d7ab216c4f4e15196f623",
        "is_verified": false,
        "line_number": 797
      },
      {
        "type": "Base64 High Entropy String",
        "filename": "pnpm-lock.yaml",
        "hashed_secret": "ff5b1c4c630a3dd82b27d821cb5a59080f2d4415",
        "is_verified": false,
        "line_number": 802
      },
      {
        "type": "Base64 High Entropy String",
        "filename": "pnpm-lock.yaml",
        "hashed_secret": "a077d8878ab7fb9984ce823e8561d6135246354c",
        "is_verified": false,
        "line_number": 807
      },
      {
        "type": "Base64 High Entropy String",
        "filename": "pnpm-lock.yaml",
        "hashed_secret": "d5efbb0013eee0ff98a5be702eecd94decd5c8e3",
        "is_verified": false,
        "line_number": 812
      },
      {
        "type": "Base64 High Entropy String",
        "filename": "pnpm-lock.yaml",
        "hashed_secret": "f128e6bd8ae35121003d70d30069c7c16de96e91",
        "is_verified": false,
        "line_number": 817
      },
      {
        "type": "Base64 High Entropy String",
        "filename": "pnpm-lock.yaml",
        "hashed_secret": "c460fb6825011265cf5d039fe7d5daa22aa3fdd1",
        "is_verified": false,
        "line_number": 822
      },
      {
        "type": "Base64 High Entropy String",
        "filename": "pnpm-lock.yaml",
        "hashed_secret": "a7f2d22783d2e31a5755d6eef735ec70830c6cca",
        "is_verified": false,
        "line_number": 827
      },
      {
        "type": "Base64 High Entropy String",
        "filename": "pnpm-lock.yaml",
        "hashed_secret": "856a66928f3b79a3ed4c61972e9b0324fa0c76da",
        "is_verified": false,
        "line_number": 832
      },
      {
        "type": "Base64 High Entropy String",
        "filename": "pnpm-lock.yaml",
        "hashed_secret": "26b171fc559c6833061674de362a2278b7a2239d",
        "is_verified": false,
        "line_number": 837
      },
      {
        "type": "Base64 High Entropy String",
        "filename": "pnpm-lock.yaml",
        "hashed_secret": "d233c0565a468c29330023b41034d8dfe146ef12",
        "is_verified": false,
        "line_number": 841
      },
      {
        "type": "Base64 High Entropy String",
        "filename": "pnpm-lock.yaml",
        "hashed_secret": "c4fb53296f7d7072bc69fa5afdaa466f61f57865",
        "is_verified": false,
        "line_number": 845
      },
      {
        "type": "Base64 High Entropy String",
        "filename": "pnpm-lock.yaml",
        "hashed_secret": "3e27ce640e4d28f44a424837adb6db599d6e4107",
        "is_verified": false,
        "line_number": 849
      },
      {
        "type": "Base64 High Entropy String",
        "filename": "pnpm-lock.yaml",
        "hashed_secret": "6978459c9c58a01cedce907dfe9c21e7444b1702",
        "is_verified": false,
        "line_number": 853
      },
      {
        "type": "Base64 High Entropy String",
        "filename": "pnpm-lock.yaml",
        "hashed_secret": "387b59ef89fc4ba38b9d4a54d73103c8ca43f3af",
        "is_verified": false,
        "line_number": 857
      },
      {
        "type": "Base64 High Entropy String",
        "filename": "pnpm-lock.yaml",
        "hashed_secret": "842b07928740a8f75766ee7f637d571ed6cb1280",
        "is_verified": false,
        "line_number": 861
      },
      {
        "type": "Base64 High Entropy String",
        "filename": "pnpm-lock.yaml",
        "hashed_secret": "39bcfa9b89586c41027ff81c7db39bd5d186ad38",
        "is_verified": false,
        "line_number": 865
      },
      {
        "type": "Base64 High Entropy String",
        "filename": "pnpm-lock.yaml",
        "hashed_secret": "f0666c52eac4172b3fc7cc84aefaa4daaec767a0",
        "is_verified": false,
        "line_number": 869
      },
      {
        "type": "Base64 High Entropy String",
        "filename": "pnpm-lock.yaml",
        "hashed_secret": "91f8e48e7e2b3f3ed2f8173dba359e4defa243c1",
        "is_verified": false,
        "line_number": 873
      },
      {
        "type": "Base64 High Entropy String",
        "filename": "pnpm-lock.yaml",
        "hashed_secret": "a1b673287087897a4b8adb7dc5f28cf192bd576a",
        "is_verified": false,
        "line_number": 877
      },
      {
        "type": "Base64 High Entropy String",
        "filename": "pnpm-lock.yaml",
        "hashed_secret": "58398ca7256e9820fa4a8985d9301ae9ee3fd970",
        "is_verified": false,
        "line_number": 881
      },
      {
        "type": "Base64 High Entropy String",
        "filename": "pnpm-lock.yaml",
        "hashed_secret": "7a3f264d86f9e10f39a39b9a3edfc1053a241e08",
        "is_verified": false,
        "line_number": 885
      },
      {
        "type": "Base64 High Entropy String",
        "filename": "pnpm-lock.yaml",
        "hashed_secret": "404960bab44da99678ae51fea87517119eb8eeca",
        "is_verified": false,
        "line_number": 889
      },
      {
        "type": "Base64 High Entropy String",
        "filename": "pnpm-lock.yaml",
        "hashed_secret": "0520e83d92cdb7b6cff8dca5c389e32647bebf4b",
        "is_verified": false,
        "line_number": 893
      },
      {
        "type": "Base64 High Entropy String",
        "filename": "pnpm-lock.yaml",
        "hashed_secret": "d5393aedb1734a5a1034af547ddd3bc3a50fa6b6",
        "is_verified": false,
        "line_number": 897
      },
      {
        "type": "Base64 High Entropy String",
        "filename": "pnpm-lock.yaml",
        "hashed_secret": "865c26be50df9e4b5aee1cc13ddcaf5aee794986",
        "is_verified": false,
        "line_number": 901
      },
      {
        "type": "Base64 High Entropy String",
        "filename": "pnpm-lock.yaml",
        "hashed_secret": "e36543abe432690cb8f6e36da3ec9d04385b3436",
        "is_verified": false,
        "line_number": 905
      },
      {
        "type": "Base64 High Entropy String",
        "filename": "pnpm-lock.yaml",
        "hashed_secret": "92cc263b9c00ad5b26836b2e59e82dec6bc3032c",
        "is_verified": false,
        "line_number": 909
      },
      {
        "type": "Base64 High Entropy String",
        "filename": "pnpm-lock.yaml",
        "hashed_secret": "6e524c34c1da4f15a5b561ddbb4465edf4cf7df3",
        "is_verified": false,
        "line_number": 913
      },
      {
        "type": "Base64 High Entropy String",
        "filename": "pnpm-lock.yaml",
        "hashed_secret": "ee9866cfe4b2bb84b65bbd29556f36063e20ee13",
        "is_verified": false,
        "line_number": 917
      },
      {
        "type": "Base64 High Entropy String",
        "filename": "pnpm-lock.yaml",
        "hashed_secret": "74c983e7d44132f4d600b9ae3a3d2354885c025f",
        "is_verified": false,
        "line_number": 921
      },
      {
        "type": "Base64 High Entropy String",
        "filename": "pnpm-lock.yaml",
        "hashed_secret": "260a5d1d9c2c71d01233a29c54b3472d6452fab2",
        "is_verified": false,
        "line_number": 925
      },
      {
        "type": "Base64 High Entropy String",
        "filename": "pnpm-lock.yaml",
        "hashed_secret": "d3a8819d99e4ae8143312c802b7d70a0679fc530",
        "is_verified": false,
        "line_number": 929
      },
      {
        "type": "Base64 High Entropy String",
        "filename": "pnpm-lock.yaml",
        "hashed_secret": "43371d4a4f21fd37958b7a62f08265209f04dc4f",
        "is_verified": false,
        "line_number": 933
      },
      {
        "type": "Base64 High Entropy String",
        "filename": "pnpm-lock.yaml",
        "hashed_secret": "49a1907105baa392a911665783205bca6fd4743c",
        "is_verified": false,
        "line_number": 937
      },
      {
        "type": "Base64 High Entropy String",
        "filename": "pnpm-lock.yaml",
        "hashed_secret": "252a7be96bcfbe7dad406ed783cbf8273f6f9259",
        "is_verified": false,
        "line_number": 941
      },
      {
        "type": "Base64 High Entropy String",
        "filename": "pnpm-lock.yaml",
        "hashed_secret": "341226beb62f558458916d84251b9a98b132ed6f",
        "is_verified": false,
        "line_number": 945
      },
      {
        "type": "Base64 High Entropy String",
        "filename": "pnpm-lock.yaml",
        "hashed_secret": "c87e634052abe9b648ac40d2f7cc5232958a1ae0",
        "is_verified": false,
        "line_number": 949
      },
      {
        "type": "Base64 High Entropy String",
        "filename": "pnpm-lock.yaml",
        "hashed_secret": "2f39613a8bbf74d6458e83b28f3c27fe909a7cb8",
        "is_verified": false,
        "line_number": 953
      },
      {
        "type": "Base64 High Entropy String",
        "filename": "pnpm-lock.yaml",
        "hashed_secret": "32937f6a22b6fd755c10dcf90cbd55f0c5e17fef",
        "is_verified": false,
        "line_number": 957
      },
      {
        "type": "Base64 High Entropy String",
        "filename": "pnpm-lock.yaml",
        "hashed_secret": "636e2cdf2836717e1846842e10c7493de0d1f00e",
        "is_verified": false,
        "line_number": 961
      },
      {
        "type": "Base64 High Entropy String",
        "filename": "pnpm-lock.yaml",
        "hashed_secret": "4e9214a3eb7aab46fc5c1f4cb7623d2981c177d0",
        "is_verified": false,
        "line_number": 965
      },
      {
        "type": "Base64 High Entropy String",
        "filename": "pnpm-lock.yaml",
        "hashed_secret": "f82afd8a87450fc182a8260e2e371520eb0c8e81",
        "is_verified": false,
        "line_number": 969
      },
      {
        "type": "Base64 High Entropy String",
        "filename": "pnpm-lock.yaml",
        "hashed_secret": "30276d89b7003ee84733f73ebd626c28a07504d6",
        "is_verified": false,
        "line_number": 973
      },
      {
        "type": "Base64 High Entropy String",
        "filename": "pnpm-lock.yaml",
        "hashed_secret": "cf358058980455d9947fbb5c492b5a0652bf9d14",
        "is_verified": false,
        "line_number": 977
      },
      {
        "type": "Base64 High Entropy String",
        "filename": "pnpm-lock.yaml",
        "hashed_secret": "ff295e7b8a263ab22762679f1e6400642781236e",
        "is_verified": false,
        "line_number": 981
      },
      {
        "type": "Base64 High Entropy String",
        "filename": "pnpm-lock.yaml",
        "hashed_secret": "1474749a5165c867248333f0b18ad1aba90e56ff",
        "is_verified": false,
        "line_number": 985
      },
      {
        "type": "Base64 High Entropy String",
        "filename": "pnpm-lock.yaml",
        "hashed_secret": "8a0b87f4972ff5bf7045f084683c07461ff9739c",
        "is_verified": false,
        "line_number": 989
      },
      {
        "type": "Base64 High Entropy String",
        "filename": "pnpm-lock.yaml",
        "hashed_secret": "60f35dc8f1248d87fd9f00f2538ad2e76ddbeb49",
        "is_verified": false,
        "line_number": 993
      },
      {
        "type": "Base64 High Entropy String",
        "filename": "pnpm-lock.yaml",
        "hashed_secret": "9ccc85645a3b52ce9f35684a3b8903c218c53acc",
        "is_verified": false,
        "line_number": 997
      },
      {
        "type": "Base64 High Entropy String",
        "filename": "pnpm-lock.yaml",
        "hashed_secret": "01c1a0a10514f969a02ac7773a56def632344906",
        "is_verified": false,
        "line_number": 1001
      },
      {
        "type": "Base64 High Entropy String",
        "filename": "pnpm-lock.yaml",
        "hashed_secret": "38a0f31fe321152012770bd799f9c03d3095851a",
        "is_verified": false,
        "line_number": 1005
      },
      {
        "type": "Base64 High Entropy String",
        "filename": "pnpm-lock.yaml",
        "hashed_secret": "5e0e6b74363a0a95ae736a3dcdc689f12521e05a",
        "is_verified": false,
        "line_number": 1009
      },
      {
        "type": "Base64 High Entropy String",
        "filename": "pnpm-lock.yaml",
        "hashed_secret": "d010e3e866c6f86098d7a7701a0ad59dfbfaa9a4",
        "is_verified": false,
        "line_number": 1013
      },
      {
        "type": "Base64 High Entropy String",
        "filename": "pnpm-lock.yaml",
        "hashed_secret": "973197f13c149f3756ad71396c9984b67a08a958",
        "is_verified": false,
        "line_number": 1017
      },
      {
        "type": "Base64 High Entropy String",
        "filename": "pnpm-lock.yaml",
        "hashed_secret": "6de00808379370b41e8e577e4f98e1771b7a78ac",
        "is_verified": false,
        "line_number": 1021
      },
      {
        "type": "Base64 High Entropy String",
        "filename": "pnpm-lock.yaml",
        "hashed_secret": "f43e8713eb6d6e295da6b6070146c1a28420045d",
        "is_verified": false,
        "line_number": 1025
      },
      {
        "type": "Base64 High Entropy String",
        "filename": "pnpm-lock.yaml",
        "hashed_secret": "683ee4b562534bac71e54dade2dc15e2c416b797",
        "is_verified": false,
        "line_number": 1029
      },
      {
        "type": "Base64 High Entropy String",
        "filename": "pnpm-lock.yaml",
        "hashed_secret": "ea9659e00cdd0298723d4fa5d6f8c4d7749af62a",
        "is_verified": false,
        "line_number": 1033
      },
      {
        "type": "Base64 High Entropy String",
        "filename": "pnpm-lock.yaml",
        "hashed_secret": "dc5c6e5e6781521d2715ee0e2377de89cb6c41d3",
        "is_verified": false,
        "line_number": 1037
      },
      {
        "type": "Base64 High Entropy String",
        "filename": "pnpm-lock.yaml",
        "hashed_secret": "fa1488a0a125d481a7ee252c47bd42b97c102a06",
        "is_verified": false,
        "line_number": 1041
      },
      {
        "type": "Base64 High Entropy String",
        "filename": "pnpm-lock.yaml",
        "hashed_secret": "7739c7a36e8b5c9759887d54c3d3a252d017cb71",
        "is_verified": false,
        "line_number": 1044
      },
      {
        "type": "Base64 High Entropy String",
        "filename": "pnpm-lock.yaml",
        "hashed_secret": "d4dda0583372eb865e22ea00ae160ceb315aa0df",
        "is_verified": false,
        "line_number": 1047
      },
      {
        "type": "Base64 High Entropy String",
        "filename": "pnpm-lock.yaml",
        "hashed_secret": "904dae7e3147870781ad476afdbc281061d76e62",
        "is_verified": false,
        "line_number": 1050
      },
      {
        "type": "Base64 High Entropy String",
        "filename": "pnpm-lock.yaml",
        "hashed_secret": "504507196011cfdade1a33e8a6cad258a96536d6",
        "is_verified": false,
        "line_number": 1053
      },
      {
        "type": "Base64 High Entropy String",
        "filename": "pnpm-lock.yaml",
        "hashed_secret": "43a7855ec06cba04d77d729c5e1cb5d6a018c6b4",
        "is_verified": false,
        "line_number": 1056
      },
      {
        "type": "Base64 High Entropy String",
        "filename": "pnpm-lock.yaml",
        "hashed_secret": "5c4d2062f4b9170e2571cfe2b901592767edc7cd",
        "is_verified": false,
        "line_number": 1059
      },
      {
        "type": "Base64 High Entropy String",
        "filename": "pnpm-lock.yaml",
        "hashed_secret": "2a04ad8254d18f2f4403c9056e67951c1e0fb0a5",
        "is_verified": false,
        "line_number": 1062
      },
      {
        "type": "Base64 High Entropy String",
        "filename": "pnpm-lock.yaml",
        "hashed_secret": "a7655c0dea3997e8ee27a2090dc9eb749a7b1282",
        "is_verified": false,
        "line_number": 1073
      },
      {
        "type": "Base64 High Entropy String",
        "filename": "pnpm-lock.yaml",
        "hashed_secret": "2c684cbb0ceecbae320bff3152c0f2b1b3434c7e",
        "is_verified": false,
        "line_number": 1076
      },
      {
        "type": "Base64 High Entropy String",
        "filename": "pnpm-lock.yaml",
        "hashed_secret": "6ff1feade4ea98d27ec8f31fa2dbcfd3d2a5028f",
        "is_verified": false,
        "line_number": 1079
      },
      {
        "type": "Base64 High Entropy String",
        "filename": "pnpm-lock.yaml",
        "hashed_secret": "359e9803b99c38d739e61ade83000c2ab5a22448",
        "is_verified": false,
        "line_number": 1082
      },
      {
        "type": "Base64 High Entropy String",
        "filename": "pnpm-lock.yaml",
        "hashed_secret": "b0af613d49499b2f6f2643ef7acf1a219e9e6fb6",
        "is_verified": false,
        "line_number": 1085
      },
      {
        "type": "Base64 High Entropy String",
        "filename": "pnpm-lock.yaml",
        "hashed_secret": "181683a60a9234068a7138d7364a984ff04d6067",
        "is_verified": false,
        "line_number": 1088
      },
      {
        "type": "Base64 High Entropy String",
        "filename": "pnpm-lock.yaml",
        "hashed_secret": "b2c03df0ed8f8caded3abab58c3b2e3b645dbb28",
        "is_verified": false,
        "line_number": 1093
      },
      {
        "type": "Base64 High Entropy String",
        "filename": "pnpm-lock.yaml",
        "hashed_secret": "35ca90e5fa9b87427a5ff8b3f333a7b7d45fc260",
        "is_verified": false,
        "line_number": 1098
      },
      {
        "type": "Base64 High Entropy String",
        "filename": "pnpm-lock.yaml",
        "hashed_secret": "d15b82853a984c45aab87399878c98082bac85ba",
        "is_verified": false,
        "line_number": 1102
      },
      {
        "type": "Base64 High Entropy String",
        "filename": "pnpm-lock.yaml",
        "hashed_secret": "1c504c77e2b9f1ea0e1770e65673fd7f8b3f4c8f",
        "is_verified": false,
        "line_number": 1106
      },
      {
        "type": "Base64 High Entropy String",
        "filename": "pnpm-lock.yaml",
        "hashed_secret": "6f5c4f8389922a6637a0b4fdb837095b494c0bfb",
        "is_verified": false,
        "line_number": 1110
      },
      {
        "type": "Base64 High Entropy String",
        "filename": "pnpm-lock.yaml",
        "hashed_secret": "4d797f74ec1be85c246106ccf1684fb857cad1c4",
        "is_verified": false,
        "line_number": 1114
      },
      {
        "type": "Base64 High Entropy String",
        "filename": "pnpm-lock.yaml",
        "hashed_secret": "c56c76bc828483f5553df346fb2eaa6e3e6c4bba",
        "is_verified": false,
        "line_number": 1117
      },
      {
        "type": "Base64 High Entropy String",
        "filename": "pnpm-lock.yaml",
        "hashed_secret": "5620b727309eb0585715c051b3f1ad6560879967",
        "is_verified": false,
        "line_number": 1121
      },
      {
        "type": "Base64 High Entropy String",
        "filename": "pnpm-lock.yaml",
        "hashed_secret": "fd40953175f0c99e010e94312afacb63e7f1a817",
        "is_verified": false,
        "line_number": 1125
      },
      {
        "type": "Base64 High Entropy String",
        "filename": "pnpm-lock.yaml",
        "hashed_secret": "c285470dffda3e2d865f650756648eb43c3392f9",
        "is_verified": false,
        "line_number": 1129
      },
      {
        "type": "Base64 High Entropy String",
        "filename": "pnpm-lock.yaml",
        "hashed_secret": "43e69c85090264b5501c0964aaa3d048ee08fd37",
        "is_verified": false,
        "line_number": 1132
      },
      {
        "type": "Base64 High Entropy String",
        "filename": "pnpm-lock.yaml",
        "hashed_secret": "4ed49acfbd180533265d2099f3043963c4a24443",
        "is_verified": false,
        "line_number": 1136
      },
      {
        "type": "Base64 High Entropy String",
        "filename": "pnpm-lock.yaml",
        "hashed_secret": "428e72f71455a785963f1df5f85c26c6d6ae519b",
        "is_verified": false,
        "line_number": 1140
      },
      {
        "type": "Base64 High Entropy String",
        "filename": "pnpm-lock.yaml",
        "hashed_secret": "d45062677e99f28b9a98f4b53e9af8f56b01bb10",
        "is_verified": false,
        "line_number": 1143
      },
      {
        "type": "Base64 High Entropy String",
        "filename": "pnpm-lock.yaml",
        "hashed_secret": "b4a9257558064dbd957e726d9d25d81b97837009",
        "is_verified": false,
        "line_number": 1152
      },
      {
        "type": "Base64 High Entropy String",
        "filename": "pnpm-lock.yaml",
        "hashed_secret": "fc7b2f07f919c3f8e20aa78a1756d2bcca252fb9",
        "is_verified": false,
        "line_number": 1156
      },
      {
        "type": "Base64 High Entropy String",
        "filename": "pnpm-lock.yaml",
        "hashed_secret": "d076e5a9f2245bcedf234f70abb7fa41d4d9f0dc",
        "is_verified": false,
        "line_number": 1159
      },
      {
        "type": "Base64 High Entropy String",
        "filename": "pnpm-lock.yaml",
        "hashed_secret": "c5a2842fa0d6d55a58a321023fe5848cd201d350",
        "is_verified": false,
        "line_number": 1162
      },
      {
        "type": "Base64 High Entropy String",
        "filename": "pnpm-lock.yaml",
        "hashed_secret": "3cb8e7a708267691af8530db673cae1ad0578392",
        "is_verified": false,
        "line_number": 1167
      },
      {
        "type": "Base64 High Entropy String",
        "filename": "pnpm-lock.yaml",
        "hashed_secret": "763f4272f5426f2cb52dd90f1f6a490a4ce61418",
        "is_verified": false,
        "line_number": 1171
      },
      {
        "type": "Base64 High Entropy String",
        "filename": "pnpm-lock.yaml",
        "hashed_secret": "16d0c877fca994fd1c43bd7f131be967bf4f87b6",
        "is_verified": false,
        "line_number": 1174
      },
      {
        "type": "Base64 High Entropy String",
        "filename": "pnpm-lock.yaml",
        "hashed_secret": "ef448db8cc5b32e33b5c863e5f22b3e28c629ef8",
        "is_verified": false,
        "line_number": 1178
      },
      {
        "type": "Base64 High Entropy String",
        "filename": "pnpm-lock.yaml",
        "hashed_secret": "16fa3bfaeef78e32910c87baf9060e51490d09ad",
        "is_verified": false,
        "line_number": 1182
      },
      {
        "type": "Base64 High Entropy String",
        "filename": "pnpm-lock.yaml",
        "hashed_secret": "76ecd72b3dad674722024145ada2c3d7763456e3",
        "is_verified": false,
        "line_number": 1191
      },
      {
        "type": "Base64 High Entropy String",
        "filename": "pnpm-lock.yaml",
        "hashed_secret": "90d8a9e13386aedb5d3a456f30e8ab7f4a271cf5",
        "is_verified": false,
        "line_number": 1194
      },
      {
        "type": "Base64 High Entropy String",
        "filename": "pnpm-lock.yaml",
        "hashed_secret": "d950cd8ef510429f57fb282e4a437321ca86158c",
        "is_verified": false,
        "line_number": 1198
      },
      {
        "type": "Base64 High Entropy String",
        "filename": "pnpm-lock.yaml",
        "hashed_secret": "e7f54899a1654525fbfb1d8c3ac44d632f655af1",
        "is_verified": false,
        "line_number": 1203
      },
      {
        "type": "Base64 High Entropy String",
        "filename": "pnpm-lock.yaml",
        "hashed_secret": "184476d985c0d799b82544165cb4d456129f594c",
        "is_verified": false,
        "line_number": 1206
      },
      {
        "type": "Base64 High Entropy String",
        "filename": "pnpm-lock.yaml",
        "hashed_secret": "dae4c237066a3692fd408ed403bb5186c68ecc99",
        "is_verified": false,
        "line_number": 1210
      },
      {
        "type": "Base64 High Entropy String",
        "filename": "pnpm-lock.yaml",
        "hashed_secret": "f52c08f63289414b8da2ea1271f68c9e1d6338ea",
        "is_verified": false,
        "line_number": 1213
      },
      {
        "type": "Base64 High Entropy String",
        "filename": "pnpm-lock.yaml",
        "hashed_secret": "82bb8edb4003308fc261a3cd2488be9862e99657",
        "is_verified": false,
        "line_number": 1217
      },
      {
        "type": "Base64 High Entropy String",
        "filename": "pnpm-lock.yaml",
        "hashed_secret": "3ae8272d15b64fb2eb7786dc11d32e6db61dea3d",
        "is_verified": false,
        "line_number": 1220
      },
      {
        "type": "Base64 High Entropy String",
        "filename": "pnpm-lock.yaml",
        "hashed_secret": "86b823e63205b55fc703755bdb60b699ad07c39d",
        "is_verified": false,
        "line_number": 1223
      },
      {
        "type": "Base64 High Entropy String",
        "filename": "pnpm-lock.yaml",
        "hashed_secret": "d5ec021cbb92c3486e38fac176f4f59a6c1d92e8",
        "is_verified": false,
        "line_number": 1227
      },
      {
        "type": "Base64 High Entropy String",
        "filename": "pnpm-lock.yaml",
        "hashed_secret": "5ad19fdeefd7ee5fbb409710186bbdd8c61b3e3c",
        "is_verified": false,
        "line_number": 1231
      },
      {
        "type": "Base64 High Entropy String",
        "filename": "pnpm-lock.yaml",
        "hashed_secret": "1a9c505c27a3d51d07d5cd60f1cd51dccb1ce4e6",
        "is_verified": false,
        "line_number": 1235
      },
      {
        "type": "Base64 High Entropy String",
        "filename": "pnpm-lock.yaml",
        "hashed_secret": "0d46fd70343625eb70458e4f02a6ec16ab7ac058",
        "is_verified": false,
        "line_number": 1238
      },
      {
        "type": "Base64 High Entropy String",
        "filename": "pnpm-lock.yaml",
        "hashed_secret": "81d2b20133c3fc62c8d92c04a4e9ea1f8f15f1b9",
        "is_verified": false,
        "line_number": 1241
      },
      {
        "type": "Base64 High Entropy String",
        "filename": "pnpm-lock.yaml",
        "hashed_secret": "73bc28172456bad6166fd9a576eb52082dc4dd3c",
        "is_verified": false,
        "line_number": 1244
      },
      {
        "type": "Base64 High Entropy String",
        "filename": "pnpm-lock.yaml",
        "hashed_secret": "1e2228f0d8e0fc2bc3b8740a8ff3d287006b9a38",
        "is_verified": false,
        "line_number": 1247
      },
      {
        "type": "Base64 High Entropy String",
        "filename": "pnpm-lock.yaml",
        "hashed_secret": "a0d381de108c703cabdda0f716956511e41f2a38",
        "is_verified": false,
        "line_number": 1250
      },
      {
        "type": "Base64 High Entropy String",
        "filename": "pnpm-lock.yaml",
        "hashed_secret": "805d9656080308c11cde7cb7f0310e12c7e60c48",
        "is_verified": false,
        "line_number": 1253
      },
      {
        "type": "Base64 High Entropy String",
        "filename": "pnpm-lock.yaml",
        "hashed_secret": "ca13874532c9df50a570a36576667e2bbd4383bc",
        "is_verified": false,
        "line_number": 1256
      },
      {
        "type": "Base64 High Entropy String",
        "filename": "pnpm-lock.yaml",
        "hashed_secret": "85c66cde4af421982424442e55d5b0a85e75b40e",
        "is_verified": false,
        "line_number": 1261
      },
      {
        "type": "Base64 High Entropy String",
        "filename": "pnpm-lock.yaml",
        "hashed_secret": "e159739ed2c59133b3d3012a0a2e1aa4dab506c8",
        "is_verified": false,
        "line_number": 1265
      },
      {
        "type": "Base64 High Entropy String",
        "filename": "pnpm-lock.yaml",
        "hashed_secret": "9235bcf425e49c5749d9f52ed67b13717efda795",
        "is_verified": false,
        "line_number": 1268
      },
      {
        "type": "Base64 High Entropy String",
        "filename": "pnpm-lock.yaml",
        "hashed_secret": "406d7e234572008768bde7f31b176a7a0f8da4f0",
        "is_verified": false,
        "line_number": 1271
      },
      {
        "type": "Base64 High Entropy String",
        "filename": "pnpm-lock.yaml",
        "hashed_secret": "4439cc784aca22e5cdf33ed6656f5b8b99eaa44d",
        "is_verified": false,
        "line_number": 1275
      },
      {
        "type": "Base64 High Entropy String",
        "filename": "pnpm-lock.yaml",
        "hashed_secret": "06477f13a769300ebac81ebe76739fb78432f564",
        "is_verified": false,
        "line_number": 1278
      },
      {
        "type": "Base64 High Entropy String",
        "filename": "pnpm-lock.yaml",
        "hashed_secret": "80eb677fae3a58bfd1df58e32807f8eccd8ca18d",
        "is_verified": false,
        "line_number": 1282
      },
      {
        "type": "Base64 High Entropy String",
        "filename": "pnpm-lock.yaml",
        "hashed_secret": "635b865541a9b317d71b354dc07769e554004a0a",
        "is_verified": false,
        "line_number": 1285
      },
      {
        "type": "Base64 High Entropy String",
        "filename": "pnpm-lock.yaml",
        "hashed_secret": "eeb22523a5f23b8e2f2839101e2a21df63062eef",
        "is_verified": false,
        "line_number": 1288
      },
      {
        "type": "Base64 High Entropy String",
        "filename": "pnpm-lock.yaml",
        "hashed_secret": "e4d0457c3771bd19a2db30ce4295cc025189392e",
        "is_verified": false,
        "line_number": 1292
      },
      {
        "type": "Base64 High Entropy String",
        "filename": "pnpm-lock.yaml",
        "hashed_secret": "f1d33d6aede0dfb7fe9978bebd04c76d861c98c3",
        "is_verified": false,
        "line_number": 1296
      },
      {
        "type": "Base64 High Entropy String",
        "filename": "pnpm-lock.yaml",
        "hashed_secret": "4566b566a976700bf9a8d84f99c56d29824fb001",
        "is_verified": false,
        "line_number": 1299
      },
      {
        "type": "Base64 High Entropy String",
        "filename": "pnpm-lock.yaml",
        "hashed_secret": "7969827f4e081fc3ab6d578be9fe52cf55b34bef",
        "is_verified": false,
        "line_number": 1303
      },
      {
        "type": "Base64 High Entropy String",
        "filename": "pnpm-lock.yaml",
        "hashed_secret": "4b07e969bf7c1a9efdf5eab7e13abaa484c49d38",
        "is_verified": false,
        "line_number": 1306
      },
      {
        "type": "Base64 High Entropy String",
        "filename": "pnpm-lock.yaml",
        "hashed_secret": "22ebe483ae7af7a822cde80fc60331fa8b0c76a0",
        "is_verified": false,
        "line_number": 1310
      },
      {
        "type": "Base64 High Entropy String",
        "filename": "pnpm-lock.yaml",
        "hashed_secret": "3c48660b66db6687c2ba1b7ffbac279614eead6e",
        "is_verified": false,
        "line_number": 1313
      },
      {
        "type": "Base64 High Entropy String",
        "filename": "pnpm-lock.yaml",
        "hashed_secret": "e19a8b4254b6fd3edabf93ea64c6c3aac916f8d5",
        "is_verified": false,
        "line_number": 1317
      },
      {
        "type": "Base64 High Entropy String",
        "filename": "pnpm-lock.yaml",
        "hashed_secret": "17df0cf1bffb39d85a2aea45c887f1998ffc48a8",
        "is_verified": false,
        "line_number": 1321
      },
      {
        "type": "Base64 High Entropy String",
        "filename": "pnpm-lock.yaml",
        "hashed_secret": "1359e990abf0bef92363cb4839bd76c27c62e62e",
        "is_verified": false,
        "line_number": 1324
      },
      {
        "type": "Base64 High Entropy String",
        "filename": "pnpm-lock.yaml",
        "hashed_secret": "23cd04f0d2c7b9b4cddac6af889a1d4bb53a7368",
        "is_verified": false,
        "line_number": 1329
      },
      {
        "type": "Base64 High Entropy String",
        "filename": "pnpm-lock.yaml",
        "hashed_secret": "22b1769808826c0186be14a609a58e9dec5d27c2",
        "is_verified": false,
        "line_number": 1334
      },
      {
        "type": "Base64 High Entropy String",
        "filename": "pnpm-lock.yaml",
        "hashed_secret": "7ecd16de4642448e5a002d0eb887796642d37c29",
        "is_verified": false,
        "line_number": 1337
      },
      {
        "type": "Base64 High Entropy String",
        "filename": "pnpm-lock.yaml",
        "hashed_secret": "39ffec566bffcf8c829bbb54c2f3e06aadbccb15",
        "is_verified": false,
        "line_number": 1341
      },
      {
        "type": "Base64 High Entropy String",
        "filename": "pnpm-lock.yaml",
        "hashed_secret": "1cc106cd0bdc3045bb58fde3bb4a47174611c8e5",
        "is_verified": false,
        "line_number": 1346
      },
      {
        "type": "Base64 High Entropy String",
        "filename": "pnpm-lock.yaml",
        "hashed_secret": "33e224ae0061fa6dc855702e88cad5e948136009",
        "is_verified": false,
        "line_number": 1349
      },
      {
        "type": "Base64 High Entropy String",
        "filename": "pnpm-lock.yaml",
        "hashed_secret": "156a735a4c43b9c6b0c08f6b857738968fe588d4",
        "is_verified": false,
        "line_number": 1352
      },
      {
        "type": "Base64 High Entropy String",
        "filename": "pnpm-lock.yaml",
        "hashed_secret": "336d02c1e7195c5237197b5884304099ab15c6ba",
        "is_verified": false,
        "line_number": 1355
      },
      {
        "type": "Base64 High Entropy String",
        "filename": "pnpm-lock.yaml",
        "hashed_secret": "02757ec3c99c3192621db35f0eea3897cede465a",
        "is_verified": false,
        "line_number": 1359
      },
      {
        "type": "Base64 High Entropy String",
        "filename": "pnpm-lock.yaml",
        "hashed_secret": "b015b77432bd6d255596af7b2f552d8e8c91a7f7",
        "is_verified": false,
        "line_number": 1363
      },
      {
        "type": "Base64 High Entropy String",
        "filename": "pnpm-lock.yaml",
        "hashed_secret": "32026694f097ae0956b46d081f53c72d129a0e9d",
        "is_verified": false,
        "line_number": 1366
      },
      {
        "type": "Base64 High Entropy String",
        "filename": "pnpm-lock.yaml",
        "hashed_secret": "bdaf8b094715fef6fc9d26c411bc0f51e1f4d6bd",
        "is_verified": false,
        "line_number": 1369
      },
      {
        "type": "Base64 High Entropy String",
        "filename": "pnpm-lock.yaml",
        "hashed_secret": "4c8a960439864672cef22edf28a40c8a3749ed68",
        "is_verified": false,
        "line_number": 1373
      },
      {
        "type": "Base64 High Entropy String",
        "filename": "pnpm-lock.yaml",
        "hashed_secret": "4035430d526a269d8e16277f9be0f9c6a7e695bd",
        "is_verified": false,
        "line_number": 1377
      },
      {
        "type": "Base64 High Entropy String",
        "filename": "pnpm-lock.yaml",
        "hashed_secret": "5f708642574b4d63a8d7e1dd21e96fdce118dac2",
        "is_verified": false,
        "line_number": 1380
      },
      {
        "type": "Base64 High Entropy String",
        "filename": "pnpm-lock.yaml",
        "hashed_secret": "503b728a9fafb1c9a0e457c0d4118e429c43160d",
        "is_verified": false,
        "line_number": 1383
      },
      {
        "type": "Base64 High Entropy String",
        "filename": "pnpm-lock.yaml",
        "hashed_secret": "b5ff241f1dfeac7af202ffcfa8df6b14badc21d5",
        "is_verified": false,
        "line_number": 1387
      },
      {
        "type": "Base64 High Entropy String",
        "filename": "pnpm-lock.yaml",
        "hashed_secret": "11973b25b26c5ffab277f15a5f39da63518c061c",
        "is_verified": false,
        "line_number": 1391
      },
      {
        "type": "Base64 High Entropy String",
        "filename": "pnpm-lock.yaml",
        "hashed_secret": "2fbe8ab30e5355ea9d7538aec4d6c869562a0ed8",
        "is_verified": false,
        "line_number": 1394
      },
      {
        "type": "Base64 High Entropy String",
        "filename": "pnpm-lock.yaml",
        "hashed_secret": "a664083cd7ea977f953eb398c15a7391521e8c88",
        "is_verified": false,
        "line_number": 1397
      },
      {
        "type": "Base64 High Entropy String",
        "filename": "pnpm-lock.yaml",
        "hashed_secret": "3bea92b9f6fb799774c52db9b38668949e60a65f",
        "is_verified": false,
        "line_number": 1400
      },
      {
        "type": "Base64 High Entropy String",
        "filename": "pnpm-lock.yaml",
        "hashed_secret": "66022833f4701f45cff007311050911fe571487c",
        "is_verified": false,
        "line_number": 1404
      },
      {
        "type": "Base64 High Entropy String",
        "filename": "pnpm-lock.yaml",
        "hashed_secret": "512b3e49cdd404e4e23779be697a6801e04255ab",
        "is_verified": false,
        "line_number": 1408
      },
      {
        "type": "Base64 High Entropy String",
        "filename": "pnpm-lock.yaml",
        "hashed_secret": "b3f13048bf1127d22a091b20bef5f1fb485b94c2",
        "is_verified": false,
        "line_number": 1412
      },
      {
        "type": "Base64 High Entropy String",
        "filename": "pnpm-lock.yaml",
        "hashed_secret": "6ece12fc7df73fe66535105d65fbdee0d3f8ca4a",
        "is_verified": false,
        "line_number": 1416
      },
      {
        "type": "Base64 High Entropy String",
        "filename": "pnpm-lock.yaml",
        "hashed_secret": "9bf200e3147a1d837839d6bf5b649716c1537cbb",
        "is_verified": false,
        "line_number": 1420
      },
      {
        "type": "Base64 High Entropy String",
        "filename": "pnpm-lock.yaml",
        "hashed_secret": "422f025608080feaba8cb1fbbb522deb3f43cdcc",
        "is_verified": false,
        "line_number": 1423
      },
      {
        "type": "Base64 High Entropy String",
        "filename": "pnpm-lock.yaml",
        "hashed_secret": "8239574b4263502316ae4af75858c8537b8f9dc2",
        "is_verified": false,
        "line_number": 1428
      },
      {
        "type": "Base64 High Entropy String",
        "filename": "pnpm-lock.yaml",
        "hashed_secret": "b67b04604ad0d7db99d57327b7e7b7ddcee99389",
        "is_verified": false,
        "line_number": 1433
      },
      {
        "type": "Base64 High Entropy String",
        "filename": "pnpm-lock.yaml",
        "hashed_secret": "693592289d520b2e9e92a25a23b4cd1d9559872b",
        "is_verified": false,
        "line_number": 1437
      },
      {
        "type": "Base64 High Entropy String",
        "filename": "pnpm-lock.yaml",
        "hashed_secret": "7c43a5a81cdfc2d174e64e7441e07b48f610be0e",
        "is_verified": false,
        "line_number": 1441
      },
      {
        "type": "Base64 High Entropy String",
        "filename": "pnpm-lock.yaml",
        "hashed_secret": "32f11283bec656108388929b40993090be755520",
        "is_verified": false,
        "line_number": 1444
      },
      {
        "type": "Base64 High Entropy String",
        "filename": "pnpm-lock.yaml",
        "hashed_secret": "74e6e8d25b36f26e0bcced18ac274a4b9fa4f34b",
        "is_verified": false,
        "line_number": 1449
      },
      {
        "type": "Base64 High Entropy String",
        "filename": "pnpm-lock.yaml",
        "hashed_secret": "7dbba2db5c8622d492abdd259dd9033ed5f205e2",
        "is_verified": false,
        "line_number": 1489
      },
      {
        "type": "Base64 High Entropy String",
        "filename": "pnpm-lock.yaml",
        "hashed_secret": "95b02c02e7cb902e9603042bf77d2ce3b47d7dd1",
        "is_verified": false,
        "line_number": 1517
      },
      {
        "type": "Base64 High Entropy String",
        "filename": "pnpm-lock.yaml",
        "hashed_secret": "47f61db9968d9147373f9919fb2d39f044af96d4",
        "is_verified": false,
        "line_number": 1522
      },
      {
        "type": "Base64 High Entropy String",
        "filename": "pnpm-lock.yaml",
        "hashed_secret": "fd979750316587a434d421119fe616d5325ac2fb",
        "is_verified": false,
        "line_number": 1526
      },
      {
        "type": "Base64 High Entropy String",
        "filename": "pnpm-lock.yaml",
        "hashed_secret": "f517feec4703cacc2629b34a71b6c4f71dcaaacb",
        "is_verified": false,
        "line_number": 1530
      },
      {
        "type": "Base64 High Entropy String",
        "filename": "pnpm-lock.yaml",
        "hashed_secret": "5888d1b730d17d304b51d9ac433812c153d85b55",
        "is_verified": false,
        "line_number": 1534
      },
      {
        "type": "Base64 High Entropy String",
        "filename": "pnpm-lock.yaml",
        "hashed_secret": "091e83ce773c6bc07f7e37eed45a1131d150d60c",
        "is_verified": false,
        "line_number": 1538
      },
      {
        "type": "Base64 High Entropy String",
        "filename": "pnpm-lock.yaml",
        "hashed_secret": "2a6ec2710324e581e13c5bd7ce5f78fd563b3db0",
        "is_verified": false,
        "line_number": 1543
      }
    ]
  },
  "generated_at": "2026-02-22T08:41:48Z"
}
